Archive member included to satisfy reference by file (symbol)

/usr/lib/gcc/arm-none-eabi/14.2.0/../../../../arm-none-eabi/lib/thumb/v7e-m+dp/hard/libc_nano.a(libc_a-atexit.o)
                              /usr/lib/gcc/arm-none-eabi/14.2.0/../../../../arm-none-eabi/lib/thumb/v7e-m+dp/hard/crt0.o (atexit)
/usr/lib/gcc/arm-none-eabi/14.2.0/../../../../arm-none-eabi/lib/thumb/v7e-m+dp/hard/libc_nano.a(libc_a-exit.o)
                              /usr/lib/gcc/arm-none-eabi/14.2.0/../../../../arm-none-eabi/lib/thumb/v7e-m+dp/hard/crt0.o (exit)
/usr/lib/gcc/arm-none-eabi/14.2.0/../../../../arm-none-eabi/lib/thumb/v7e-m+dp/hard/libc_nano.a(libc_a-findfp.o)
                              /usr/lib/gcc/arm-none-eabi/14.2.0/../../../../arm-none-eabi/lib/thumb/v7e-m+dp/hard/libc_nano.a(libc_a-exit.o) (__stdio_exit_handler)
/usr/lib/gcc/arm-none-eabi/14.2.0/../../../../arm-none-eabi/lib/thumb/v7e-m+dp/hard/libc_nano.a(libc_a-fwalk.o)
                              /usr/lib/gcc/arm-none-eabi/14.2.0/../../../../arm-none-eabi/lib/thumb/v7e-m+dp/hard/libc_nano.a(libc_a-findfp.o) (_fwalk_sglue)
/usr/lib/gcc/arm-none-eabi/14.2.0/../../../../arm-none-eabi/lib/thumb/v7e-m+dp/hard/libc_nano.a(libc_a-stdio.o)
                              /usr/lib/gcc/arm-none-eabi/14.2.0/../../../../arm-none-eabi/lib/thumb/v7e-m+dp/hard/libc_nano.a(libc_a-findfp.o) (__sread)
/usr/lib/gcc/arm-none-eabi/14.2.0/../../../../arm-none-eabi/lib/thumb/v7e-m+dp/hard/libc_nano.a(libc_a-memset.o)
                              /usr/lib/gcc/arm-none-eabi/14.2.0/../../../../arm-none-eabi/lib/thumb/v7e-m+dp/hard/crt0.o (memset)
/usr/lib/gcc/arm-none-eabi/14.2.0/../../../../arm-none-eabi/lib/thumb/v7e-m+dp/hard/libc_nano.a(libc_a-closer.o)
                              /usr/lib/gcc/arm-none-eabi/14.2.0/../../../../arm-none-eabi/lib/thumb/v7e-m+dp/hard/libc_nano.a(libc_a-stdio.o) (_close_r)
/usr/lib/gcc/arm-none-eabi/14.2.0/../../../../arm-none-eabi/lib/thumb/v7e-m+dp/hard/libc_nano.a(libc_a-reent.o)
                              /usr/lib/gcc/arm-none-eabi/14.2.0/../../../../arm-none-eabi/lib/thumb/v7e-m+dp/hard/libc_nano.a(libc_a-closer.o) (errno)
/usr/lib/gcc/arm-none-eabi/14.2.0/../../../../arm-none-eabi/lib/thumb/v7e-m+dp/hard/libc_nano.a(libc_a-impure.o)
                              /usr/lib/gcc/arm-none-eabi/14.2.0/../../../../arm-none-eabi/lib/thumb/v7e-m+dp/hard/libc_nano.a(libc_a-reent.o) (_impure_ptr)
/usr/lib/gcc/arm-none-eabi/14.2.0/../../../../arm-none-eabi/lib/thumb/v7e-m+dp/hard/libc_nano.a(libc_a-lseekr.o)
                              /usr/lib/gcc/arm-none-eabi/14.2.0/../../../../arm-none-eabi/lib/thumb/v7e-m+dp/hard/libc_nano.a(libc_a-stdio.o) (_lseek_r)
/usr/lib/gcc/arm-none-eabi/14.2.0/../../../../arm-none-eabi/lib/thumb/v7e-m+dp/hard/libc_nano.a(libc_a-readr.o)
                              /usr/lib/gcc/arm-none-eabi/14.2.0/../../../../arm-none-eabi/lib/thumb/v7e-m+dp/hard/libc_nano.a(libc_a-stdio.o) (_read_r)
/usr/lib/gcc/arm-none-eabi/14.2.0/../../../../arm-none-eabi/lib/thumb/v7e-m+dp/hard/libc_nano.a(libc_a-writer.o)
                              /usr/lib/gcc/arm-none-eabi/14.2.0/../../../../arm-none-eabi/lib/thumb/v7e-m+dp/hard/libc_nano.a(libc_a-stdio.o) (_write_r)
/usr/lib/gcc/arm-none-eabi/14.2.0/../../../../arm-none-eabi/lib/thumb/v7e-m+dp/hard/libc_nano.a(libc_a-errno.o)
                              build/sysmem.o (__errno)
/usr/lib/gcc/arm-none-eabi/14.2.0/../../../../arm-none-eabi/lib/thumb/v7e-m+dp/hard/libc_nano.a(libc_a-init.o)
                              /usr/lib/gcc/arm-none-eabi/14.2.0/../../../../arm-none-eabi/lib/thumb/v7e-m+dp/hard/crt0.o (__libc_init_array)
/usr/lib/gcc/arm-none-eabi/14.2.0/../../../../arm-none-eabi/lib/thumb/v7e-m+dp/hard/libc_nano.a(libc_a-fini.o)
                              /usr/lib/gcc/arm-none-eabi/14.2.0/../../../../arm-none-eabi/lib/thumb/v7e-m+dp/hard/crt0.o (__libc_fini_array)
/usr/lib/gcc/arm-none-eabi/14.2.0/../../../../arm-none-eabi/lib/thumb/v7e-m+dp/hard/libc_nano.a(libc_a-lock.o)
                              /usr/lib/gcc/arm-none-eabi/14.2.0/../../../../arm-none-eabi/lib/thumb/v7e-m+dp/hard/libc_nano.a(libc_a-findfp.o) (__retarget_lock_init_recursive)
/usr/lib/gcc/arm-none-eabi/14.2.0/../../../../arm-none-eabi/lib/thumb/v7e-m+dp/hard/libc_nano.a(libc_a-__atexit.o)
                              /usr/lib/gcc/arm-none-eabi/14.2.0/../../../../arm-none-eabi/lib/thumb/v7e-m+dp/hard/libc_nano.a(libc_a-atexit.o) (__register_exitproc)
/usr/lib/gcc/arm-none-eabi/14.2.0/../../../../arm-none-eabi/lib/thumb/v7e-m+dp/hard/libc_nano.a(libc_a-__call_atexit.o)
                              /usr/lib/gcc/arm-none-eabi/14.2.0/../../../../arm-none-eabi/lib/thumb/v7e-m+dp/hard/libc_nano.a(libc_a-__atexit.o) (__call_exitprocs)
/usr/lib/gcc/arm-none-eabi/14.2.0/../../../../arm-none-eabi/lib/thumb/v7e-m+dp/hard/libc_nano.a(libc_a-freer.o)
                              /usr/lib/gcc/arm-none-eabi/14.2.0/../../../../arm-none-eabi/lib/thumb/v7e-m+dp/hard/libc_nano.a(libc_a-reent.o) (_free_r)
[...]
Memory Configuration

Name             Origin             Length             Attributes
DTCMRAM          0x20000000         0x00020000         xrw
RAM              0x24000000         0x00080000         xrw
RAM_D2           0x30000000         0x00048000         xrw
RAM_D3           0x38000000         0x00010000         xrw
ITCMRAM          0x00000000         0x00010000         xrw
FLASH            0x08000000         0x00200000         xr
*default*        0x00000000         0xffffffff

Linker script and memory map

LOAD /usr/lib/gcc/arm-none-eabi/14.2.0/thumb/v7e-m+dp/hard/crti.o
LOAD /usr/lib/gcc/arm-none-eabi/14.2.0/thumb/v7e-m+dp/hard/crtbegin.o
LOAD /usr/lib/gcc/arm-none-eabi/14.2.0/../../../../arm-none-eabi/lib/thumb/v7e-m+dp/hard/crt0.o
LOAD build/main.o
LOAD build/stm32h7xx_it.o
LOAD build/stm32h7xx_hal_msp.o
LOAD build/system_stm32h7xx.o
LOAD build/sysmem.o
LOAD build/syscalls.o
LOAD build/gpio.o
LOAD build/ltdc.o
LOAD build/quadspi.o
LOAD build/stm32h7xx_hal_cortex.o
LOAD build/stm32h7xx_hal_rcc.o
LOAD build/stm32h7xx_hal_rcc_ex.o
LOAD build/stm32h7xx_hal_flash.o
LOAD build/stm32h7xx_hal_flash_ex.o
LOAD build/stm32h7xx_hal_gpio.o
LOAD build/stm32h7xx_hal_hsem.o
LOAD build/stm32h7xx_hal_dma.o
LOAD build/stm32h7xx_hal_dma_ex.o
LOAD build/stm32h7xx_hal_mdma.o
LOAD build/stm32h7xx_hal_pwr.o
LOAD build/stm32h7xx_hal_pwr_ex.o
LOAD build/stm32h7xx_hal.o
LOAD build/stm32h7xx_hal_i2c.o
LOAD build/stm32h7xx_hal_i2c_ex.o
LOAD build/stm32h7xx_hal_exti.o
LOAD build/stm32h7xx_hal_ltdc.o
LOAD build/stm32h7xx_hal_ltdc_ex.o
LOAD build/stm32h7xx_hal_dsi.o
LOAD build/stm32h7xx_hal_qspi.o
LOAD build/stm32h7xx_ll_delayblock.o
LOAD build/stm32h7xx_hal_tim.o
LOAD build/stm32h7xx_hal_tim_ex.o
LOAD build/startup_stm32h743xx.o
LOAD /usr/lib/gcc/arm-none-eabi/14.2.0/../../../../arm-none-eabi/lib/thumb/v7e-m+dp/hard/libc_nano.a
LOAD /usr/lib/gcc/arm-none-eabi/14.2.0/../../../../arm-none-eabi/lib/thumb/v7e-m+dp/hard/libm.a
LOAD /usr/lib/gcc/arm-none-eabi/14.2.0/../../../../arm-none-eabi/lib/thumb/v7e-m+dp/hard/libnosys.a
START GROUP
LOAD /usr/lib/gcc/arm-none-eabi/14.2.0/thumb/v7e-m+dp/hard/libgcc.a
LOAD /usr/lib/gcc/arm-none-eabi/14.2.0/../../../../arm-none-eabi/lib/thumb/v7e-m+dp/hard/libc_nano.a
END GROUP
START GROUP
LOAD /usr/lib/gcc/arm-none-eabi/14.2.0/thumb/v7e-m+dp/hard/libgcc.a
LOAD /usr/lib/gcc/arm-none-eabi/14.2.0/../../../../arm-none-eabi/lib/thumb/v7e-m+dp/hard/libc_nano.a
END GROUP
LOAD /usr/lib/gcc/arm-none-eabi/14.2.0/thumb/v7e-m+dp/hard/crtend.o
LOAD /usr/lib/gcc/arm-none-eabi/14.2.0/thumb/v7e-m+dp/hard/crtn.o
                0x20020000                        _estack = (ORIGIN (DTCMRAM) + LENGTH (DTCMRAM))
                0x00000200                        _Min_Heap_Size = 0x200
                0x00000400                        _Min_Stack_Size = 0x400

.isr_vector     0x08000000      0x298
                0x08000000                        . = ALIGN (0x4)
 *(.isr_vector)
 .isr_vector    0x08000000      0x298 build/startup_stm32h743xx.o
                0x08000000                g_pfnVectors
                0x08000298                        . = ALIGN (0x4)

.text           0x08000298     0x2ab8
                0x08000298                        . = ALIGN (0x4)
 *(.text)
 *(.text*)
 .text.__do_global_dtors_aux
                0x08000298       0x24 /usr/lib/gcc/arm-none-eabi/14.2.0/thumb/v7e-m+dp/hard/crtbegin.o
 .text.frame_dummy
                0x080002bc       0x1c /usr/lib/gcc/arm-none-eabi/14.2.0/thumb/v7e-m+dp/hard/crtbegin.o
 .text.MPU_Config
                0x080002d8       0x52 build/main.o
 .text.Error_Handler
                0x0800032a        0x4 build/main.o
                0x0800032a                Error_Handler
 *fill*         0x0800032e        0x2 
 .text.SystemClock_Config
                0x08000330       0xb0 build/main.o
                0x08000330                SystemClock_Config
 .text.main     0x080003e0       0x1c build/main.o
                0x080003e0                main
 .text.NMI_Handler
                0x080003fc        0x2 build/stm32h7xx_it.o
                0x080003fc                NMI_Handler
 .text.HardFault_Handler
                0x080003fe        0x2 build/stm32h7xx_it.o
                0x080003fe                HardFault_Handler
 .text.MemManage_Handler
                0x08000400        0x2 build/stm32h7xx_it.o
                0x08000400                MemManage_Handler
 .text.BusFault_Handler
                0x08000402        0x2 build/stm32h7xx_it.o
                0x08000402                BusFault_Handler
 .text.UsageFault_Handler
                0x08000404        0x2 build/stm32h7xx_it.o
                0x08000404                UsageFault_Handler
 .text.SVC_Handler
                0x08000406        0x2 build/stm32h7xx_it.o
                0x08000406                SVC_Handler
 .text.DebugMon_Handler
                0x08000408        0x2 build/stm32h7xx_it.o
                0x08000408                DebugMon_Handler
 .text.PendSV_Handler
                0x0800040a        0x2 build/stm32h7xx_it.o
                0x0800040a                PendSV_Handler
 .text.SysTick_Handler
                0x0800040c        0x8 build/stm32h7xx_it.o
                0x0800040c                SysTick_Handler
 .text.HAL_MspInit
                0x08000414       0x24 build/stm32h7xx_hal_msp.o
                0x08000414                HAL_MspInit
 .text.SystemInit
                0x08000438       0xc8 build/system_stm32h7xx.o
                0x08000438                SystemInit
 .text.ExitRun0Mode
                0x08000500       0x1c build/system_stm32h7xx.o
                0x08000500                ExitRun0Mode
 .text.MX_GPIO_Init
                0x0800051c      0x27c build/gpio.o
                0x0800051c                MX_GPIO_Init
 .text.MX_LTDC_Init
                0x08000798       0xf4 build/ltdc.o
                0x08000798                MX_LTDC_Init
 .text.HAL_LTDC_MspInit
                0x0800088c      0x230 build/ltdc.o
                0x0800088c                HAL_LTDC_MspInit
 .text.MX_QUADSPI_Init
                0x08000abc       0x34 build/quadspi.o
                0x08000abc                MX_QUADSPI_Init
 .text.HAL_QSPI_MspInit
                0x08000af0      0x120 build/quadspi.o
                0x08000af0                HAL_QSPI_MspInit
 .text.__NVIC_SetPriority
                0x08000c10       0x24 build/stm32h7xx_hal_cortex.o
 .text.NVIC_EncodePriority
                0x08000c34       0x3e build/stm32h7xx_hal_cortex.o
 *fill*         0x08000c72        0x2 
 .text.HAL_NVIC_SetPriorityGrouping
                0x08000c74       0x24 build/stm32h7xx_hal_cortex.o
                0x08000c74                HAL_NVIC_SetPriorityGrouping
 .text.HAL_NVIC_SetPriority
                0x08000c98       0x20 build/stm32h7xx_hal_cortex.o
                0x08000c98                HAL_NVIC_SetPriority
 .text.HAL_SYSTICK_Config
                0x08000cb8       0x28 build/stm32h7xx_hal_cortex.o
                0x08000cb8                HAL_SYSTICK_Config
 .text.HAL_MPU_Disable
                0x08000ce0       0x1c build/stm32h7xx_hal_cortex.o
                0x08000ce0                HAL_MPU_Disable
 .text.HAL_MPU_Enable
                0x08000cfc       0x20 build/stm32h7xx_hal_cortex.o
                0x08000cfc                HAL_MPU_Enable
 .text.HAL_MPU_ConfigRegion
                0x08000d1c       0x58 build/stm32h7xx_hal_cortex.o
                0x08000d1c                HAL_MPU_ConfigRegion
 .text.HAL_RCC_OscConfig
                0x08000d74      0x6b0 build/stm32h7xx_hal_rcc.o
                0x08000d74                HAL_RCC_OscConfig
 .text.HAL_RCC_GetSysClockFreq
                0x08001424      0x1f8 build/stm32h7xx_hal_rcc.o
                0x08001424                HAL_RCC_GetSysClockFreq
 .text.HAL_RCC_ClockConfig
                0x0800161c      0x294 build/stm32h7xx_hal_rcc.o
                0x0800161c                HAL_RCC_ClockConfig
 .text.RCCEx_PLL2_Config
                0x080018b0      0x108 build/stm32h7xx_hal_rcc_ex.o
 .text.RCCEx_PLL3_Config
                0x080019b8      0x108 build/stm32h7xx_hal_rcc_ex.o
 .text.HAL_RCCEx_PeriphCLKConfig
                0x08001ac0      0xab8 build/stm32h7xx_hal_rcc_ex.o
                0x08001ac0                HAL_RCCEx_PeriphCLKConfig
 .text.HAL_GPIO_Init
                0x08002578      0x220 build/stm32h7xx_hal_gpio.o
                0x08002578                HAL_GPIO_Init
 .text.HAL_GPIO_WritePin
                0x08002798        0xc build/stm32h7xx_hal_gpio.o
                0x08002798                HAL_GPIO_WritePin
 .text.HAL_PWREx_ConfigSupply
                0x080027a4       0x54 build/stm32h7xx_hal_pwr_ex.o
                0x080027a4                HAL_PWREx_ConfigSupply
 .text.HAL_InitTick
                0x080027f8       0x50 build/stm32h7xx_hal.o
                0x080027f8                HAL_InitTick
 .text.HAL_Init
                0x08002848       0x5c build/stm32h7xx_hal.o
                0x08002848                HAL_Init
 .text.HAL_IncTick
                0x080028a4       0x18 build/stm32h7xx_hal.o
                0x080028a4                HAL_IncTick
 .text.HAL_GetTick
                0x080028bc        0xc build/stm32h7xx_hal.o
                0x080028bc                HAL_GetTick
 .text.HAL_GetREVID
                0x080028c8        0xc build/stm32h7xx_hal.o
                0x080028c8                HAL_GetREVID
 .text.LTDC_SetConfig
                0x080028d4      0x18c build/stm32h7xx_hal_ltdc.o
 .text.HAL_LTDC_Init
                0x08002a60       0xbc build/stm32h7xx_hal_ltdc.o
                0x08002a60                HAL_LTDC_Init
 .text.HAL_LTDC_ConfigLayer
                0x08002b1c       0x68 build/stm32h7xx_hal_ltdc.o
                0x08002b1c                HAL_LTDC_ConfigLayer
 .text.QSPI_WaitFlagStateUntilTimeout
                0x08002b84       0x56 build/stm32h7xx_hal_qspi.o
 .text.HAL_QSPI_SetTimeout
                0x08002bda        0x4 build/stm32h7xx_hal_qspi.o
                0x08002bda                HAL_QSPI_SetTimeout
 *fill*         0x08002bde        0x2 
 .text.HAL_QSPI_Init
                0x08002be0       0xa8 build/stm32h7xx_hal_qspi.o
                0x08002be0                HAL_QSPI_Init
 .text.Reset_Handler
                0x08002c88       0x54 build/startup_stm32h743xx.o
                0x08002c88                Reset_Handler
 .text.Default_Handler
                0x08002cdc        0x2 build/startup_stm32h743xx.o
                0x08002cdc                RTC_Alarm_IRQHandler
                0x08002cdc                EXTI2_IRQHandler
                0x08002cdc                TIM8_CC_IRQHandler
                0x08002cdc                HRTIM1_Master_IRQHandler
                0x08002cdc                UART8_IRQHandler
                0x08002cdc                SPI4_IRQHandler
                0x08002cdc                TIM1_CC_IRQHandler
                0x08002cdc                BDMA_Channel6_IRQHandler
                0x08002cdc                DMA2_Stream5_IRQHandler
                0x08002cdc                HRTIM1_FLT_IRQHandler
                0x08002cdc                JPEG_IRQHandler
                0x08002cdc                DMA1_Stream5_IRQHandler
                0x08002cdc                BDMA_Channel1_IRQHandler
                0x08002cdc                HRTIM1_TIMD_IRQHandler
                0x08002cdc                TAMP_STAMP_IRQHandler
                0x08002cdc                EXTI3_IRQHandler
                0x08002cdc                LPTIM4_IRQHandler
                0x08002cdc                TIM8_TRG_COM_TIM14_IRQHandler
                0x08002cdc                LPTIM2_IRQHandler
                0x08002cdc                DFSDM1_FLT1_IRQHandler
                0x08002cdc                DMAMUX2_OVR_IRQHandler
                0x08002cdc                TIM8_UP_TIM13_IRQHandler
                0x08002cdc                I2C3_ER_IRQHandler
                0x08002cdc                DFSDM1_FLT2_IRQHandler
                0x08002cdc                MDMA_IRQHandler
                0x08002cdc                LPTIM3_IRQHandler
                0x08002cdc                HSEM1_IRQHandler
                0x08002cdc                EXTI0_IRQHandler
                0x08002cdc                I2C2_EV_IRQHandler
                0x08002cdc                DMA1_Stream2_IRQHandler
                0x08002cdc                FPU_IRQHandler
                0x08002cdc                OTG_HS_WKUP_IRQHandler
                0x08002cdc                FDCAN1_IT1_IRQHandler
                0x08002cdc                LTDC_ER_IRQHandler
                0x08002cdc                DMA2_Stream2_IRQHandler
                0x08002cdc                HRTIM1_TIME_IRQHandler
                0x08002cdc                SPI1_IRQHandler
                0x08002cdc                TIM6_DAC_IRQHandler
                0x08002cdc                DCMI_IRQHandler
                0x08002cdc                HRTIM1_TIMC_IRQHandler
                0x08002cdc                DMA2_Stream3_IRQHandler
                0x08002cdc                SAI2_IRQHandler
                0x08002cdc                DFSDM1_FLT3_IRQHandler
                0x08002cdc                USART6_IRQHandler
                0x08002cdc                TIM17_IRQHandler
                0x08002cdc                USART3_IRQHandler
                0x08002cdc                BDMA_Channel7_IRQHandler
                0x08002cdc                LPTIM5_IRQHandler
                0x08002cdc                UART5_IRQHandler
                0x08002cdc                ADC3_IRQHandler
                0x08002cdc                DMA2_Stream0_IRQHandler
                0x08002cdc                TIM4_IRQHandler
                0x08002cdc                BDMA_Channel2_IRQHandler
                0x08002cdc                QUADSPI_IRQHandler
                0x08002cdc                I2C1_EV_IRQHandler
                0x08002cdc                DMA1_Stream6_IRQHandler
                0x08002cdc                DMAMUX1_OVR_IRQHandler
                0x08002cdc                DMA1_Stream1_IRQHandler
                0x08002cdc                TIM16_IRQHandler
                0x08002cdc                UART4_IRQHandler
                0x08002cdc                BDMA_Channel5_IRQHandler
                0x08002cdc                TIM3_IRQHandler
                0x08002cdc                RCC_IRQHandler
                0x08002cdc                TIM8_BRK_TIM12_IRQHandler
                0x08002cdc                TIM1_TRG_COM_IRQHandler
                0x08002cdc                Default_Handler
                0x08002cdc                ECC_IRQHandler
                0x08002cdc                CEC_IRQHandler
                0x08002cdc                EXTI15_10_IRQHandler
                0x08002cdc                BDMA_Channel0_IRQHandler
                0x08002cdc                ADC_IRQHandler
                0x08002cdc                DMA1_Stream7_IRQHandler
                0x08002cdc                HRTIM1_TIMA_IRQHandler
                0x08002cdc                SPI5_IRQHandler
                0x08002cdc                TIM7_IRQHandler
                0x08002cdc                SDMMC1_IRQHandler
                0x08002cdc                TIM5_IRQHandler
                0x08002cdc                DMA2_Stream7_IRQHandler
                0x08002cdc                TIM15_IRQHandler
                0x08002cdc                PVD_AVD_IRQHandler
                0x08002cdc                I2C3_EV_IRQHandler
                0x08002cdc                EXTI9_5_IRQHandler
                0x08002cdc                RTC_WKUP_IRQHandler
                0x08002cdc                LTDC_IRQHandler
                0x08002cdc                SAI3_IRQHandler
                0x08002cdc                ETH_WKUP_IRQHandler
                0x08002cdc                SPDIF_RX_IRQHandler
                0x08002cdc                SPI2_IRQHandler
                0x08002cdc                OTG_HS_EP1_IN_IRQHandler
                0x08002cdc                DMA1_Stream0_IRQHandler
                0x08002cdc                CRS_IRQHandler
                0x08002cdc                EXTI4_IRQHandler
                0x08002cdc                RNG_IRQHandler
                0x08002cdc                HRTIM1_TIMB_IRQHandler
                0x08002cdc                FDCAN2_IT1_IRQHandler
                0x08002cdc                ETH_IRQHandler
                0x08002cdc                TIM1_UP_IRQHandler
                0x08002cdc                BDMA_Channel4_IRQHandler
                0x08002cdc                OTG_HS_EP1_OUT_IRQHandler
                0x08002cdc                WWDG_IRQHandler
                0x08002cdc                SPI6_IRQHandler
                0x08002cdc                MDIOS_IRQHandler
                0x08002cdc                I2C4_EV_IRQHandler
                0x08002cdc                FDCAN2_IT0_IRQHandler
                0x08002cdc                LPUART1_IRQHandler
                0x08002cdc                FDCAN1_IT0_IRQHandler
                0x08002cdc                TIM2_IRQHandler
                0x08002cdc                OTG_FS_WKUP_IRQHandler
                0x08002cdc                OTG_HS_IRQHandler
                0x08002cdc                DMA2D_IRQHandler
                0x08002cdc                TIM1_BRK_IRQHandler
                0x08002cdc                EXTI1_IRQHandler
                0x08002cdc                SDMMC2_IRQHandler
                0x08002cdc                OTG_FS_EP1_OUT_IRQHandler
                0x08002cdc                BDMA_Channel3_IRQHandler
                0x08002cdc                UART7_IRQHandler
                0x08002cdc                MDIOS_WKUP_IRQHandler
                0x08002cdc                USART2_IRQHandler
                0x08002cdc                DFSDM1_FLT0_IRQHandler
                0x08002cdc                SAI4_IRQHandler
                0x08002cdc                I2C2_ER_IRQHandler
                0x08002cdc                DMA2_Stream1_IRQHandler
                0x08002cdc                FLASH_IRQHandler
                0x08002cdc                DMA2_Stream4_IRQHandler
                0x08002cdc                USART1_IRQHandler
                0x08002cdc                OTG_FS_IRQHandler
                0x08002cdc                SPI3_IRQHandler
                0x08002cdc                WAKEUP_PIN_IRQHandler
                0x08002cdc                DMA1_Stream4_IRQHandler
                0x08002cdc                OTG_FS_EP1_IN_IRQHandler
                0x08002cdc                I2C1_ER_IRQHandler
                0x08002cdc                FMC_IRQHandler
                0x08002cdc                FDCAN_CAL_IRQHandler
                0x08002cdc                SWPMI1_IRQHandler
                0x08002cdc                COMP1_IRQHandler
                0x08002cdc                LPTIM1_IRQHandler
                0x08002cdc                I2C4_ER_IRQHandler
                0x08002cdc                DMA2_Stream6_IRQHandler
                0x08002cdc                SAI1_IRQHandler
                0x08002cdc                DMA1_Stream3_IRQHandler
 .text.memset   0x08002cde       0x10 /usr/lib/gcc/arm-none-eabi/14.2.0/../../../../arm-none-eabi/lib/thumb/v7e-m+dp/hard/libc_nano.a(libc_a-memset.o)
                0x08002cde                memset
 *fill*         0x08002cee        0x2 
 .text.__libc_init_array
                0x08002cf0       0x48 /usr/lib/gcc/arm-none-eabi/14.2.0/../../../../arm-none-eabi/lib/thumb/v7e-m+dp/hard/libc_nano.a(libc_a-init.o)
                0x08002cf0                __libc_init_array
 *(.glue_7)
 .glue_7        0x08002d38        0x0 linker stubs
 *(.glue_7t)
 .glue_7t       0x08002d38        0x0 linker stubs
 *(.eh_frame)
 .eh_frame      0x08002d38        0x0 /usr/lib/gcc/arm-none-eabi/14.2.0/thumb/v7e-m+dp/hard/crtbegin.o
 *(.init)
 .init          0x08002d38        0x4 /usr/lib/gcc/arm-none-eabi/14.2.0/thumb/v7e-m+dp/hard/crti.o
                0x08002d38                _init
 .init          0x08002d3c        0x8 /usr/lib/gcc/arm-none-eabi/14.2.0/thumb/v7e-m+dp/hard/crtn.o
 *(.fini)
 .fini          0x08002d44        0x4 /usr/lib/gcc/arm-none-eabi/14.2.0/thumb/v7e-m+dp/hard/crti.o
                0x08002d44                _fini
 .fini          0x08002d48        0x8 /usr/lib/gcc/arm-none-eabi/14.2.0/thumb/v7e-m+dp/hard/crtn.o
                0x08002d50                        . = ALIGN (0x4)
                0x08002d50                        _etext = .

.vfp11_veneer   0x08002d50        0x0
 .vfp11_veneer  0x08002d50        0x0 linker stubs

.v4_bx          0x08002d50        0x0
 .v4_bx         0x08002d50        0x0 linker stubs

.iplt           0x08002d50        0x0
 .iplt          0x08002d50        0x0 /usr/lib/gcc/arm-none-eabi/14.2.0/thumb/v7e-m+dp/hard/crtbegin.o

.rodata         0x08002d50       0x10
                0x08002d50                        . = ALIGN (0x4)
 *(.rodata)
 *(.rodata*)
 .rodata.D1CorePrescTable
                0x08002d50       0x10 build/system_stm32h7xx.o
                0x08002d50                D1CorePrescTable
                0x08002d60                        . = ALIGN (0x4)

.ARM.extab      0x08002d60        0x0
                0x08002d60                        . = ALIGN (0x4)
 *(.ARM.extab* .gnu.linkonce.armextab.*)
                0x08002d60                        . = ALIGN (0x4)

.ARM            0x08002d60        0x0
                0x08002d60                        . = ALIGN (0x4)
                0x08002d60                        __exidx_start = .
 *(.ARM.exidx*)
                0x08002d60                        __exidx_end = .
                0x08002d60                        . = ALIGN (0x4)

.preinit_array  0x08002d60        0x0
                0x08002d60                        . = ALIGN (0x4)
                0x08002d60                        PROVIDE (__preinit_array_start = .)
 *(.preinit_array*)
                0x08002d60                        PROVIDE (__preinit_array_end = .)
                0x08002d60                        . = ALIGN (0x4)

.init_array     0x08002d60        0x4
                0x08002d60                        . = ALIGN (0x4)
                0x08002d60                        PROVIDE (__init_array_start = .)
 *(SORT_BY_NAME(.init_array.*))
 *(.init_array*)
 .init_array    0x08002d60        0x4 /usr/lib/gcc/arm-none-eabi/14.2.0/thumb/v7e-m+dp/hard/crtbegin.o
                0x08002d64                        PROVIDE (__init_array_end = .)
                0x08002d64                        . = ALIGN (0x4)

.fini_array     0x08002d64        0x4
                0x08002d64                        . = ALIGN (0x4)
                0x08002d64                        PROVIDE (__fini_array_start = .)
 *(SORT_BY_NAME(.fini_array.*))
 *(.fini_array*)
 .fini_array    0x08002d64        0x4 /usr/lib/gcc/arm-none-eabi/14.2.0/thumb/v7e-m+dp/hard/crtbegin.o
                0x08002d68                        PROVIDE (__fini_array_end = .)
                0x08002d68                        . = ALIGN (0x4)
                0x08002d68                        _sidata = LOADADDR (.data)

.rel.dyn        0x08002d68        0x0
 .rel.iplt      0x08002d68        0x0 /usr/lib/gcc/arm-none-eabi/14.2.0/thumb/v7e-m+dp/hard/crtbegin.o

.data           0x20000000       0x10 load address 0x08002d68
                0x20000000                        . = ALIGN (0x4)
                0x20000000                        _sdata = .
 *(.data)
 *(.data*)
 .data.SystemD2Clock
                0x20000000        0x4 build/system_stm32h7xx.o
                0x20000000                SystemD2Clock
 .data.SystemCoreClock
                0x20000004        0x4 build/system_stm32h7xx.o
                0x20000004                SystemCoreClock
 .data.uwTickFreq
                0x20000008        0x1 build/stm32h7xx_hal.o
                0x20000008                uwTickFreq
 *fill*         0x20000009        0x3 
 .data.uwTickPrio
                0x2000000c        0x4 build/stm32h7xx_hal.o
                0x2000000c                uwTickPrio
 *(.RamFunc)
 *(.RamFunc*)
                0x20000010                        . = ALIGN (0x4)
                0x20000010                        _edata = .

.igot.plt       0x20000010        0x0 load address 0x08002d78
 .igot.plt      0x20000010        0x0 /usr/lib/gcc/arm-none-eabi/14.2.0/thumb/v7e-m+dp/hard/crtbegin.o
                0x20000010                        . = ALIGN (0x4)

.bss            0x20000010      0x114 load address 0x08002d78
                0x20000010                        _sbss = .
                0x20000010                        __bss_start__ = _sbss
 *(.bss)
 *(.bss*)
 .bss.completed.1
                0x20000010        0x1 /usr/lib/gcc/arm-none-eabi/14.2.0/thumb/v7e-m+dp/hard/crtbegin.o
 *fill*         0x20000011        0x3 
 .bss.object.0  0x20000014       0x18 /usr/lib/gcc/arm-none-eabi/14.2.0/thumb/v7e-m+dp/hard/crtbegin.o
 .bss.hltdc     0x2000002c       0xa8 build/ltdc.o
                0x2000002c                hltdc
 .bss.hqspi     0x200000d4       0x4c build/quadspi.o
                0x200000d4                hqspi
 .bss.uwTick    0x20000120        0x4 build/stm32h7xx_hal.o
                0x20000120                uwTick
 *(COMMON)
                0x20000124                        . = ALIGN (0x4)
                0x20000124                        _ebss = .
                0x20000124                        __bss_end__ = _ebss

._user_heap_stack
                0x20000124      0x604 load address 0x08002d78
                0x20000128                        . = ALIGN (0x8)
 *fill*         0x20000124        0x4 
                [!provide]                        PROVIDE (end = .)
                0x20000128                        PROVIDE (_end = .)
                0x20000328                        . = (. + _Min_Heap_Size)
 *fill*         0x20000128      0x200 
                0x20000728                        . = (. + _Min_Stack_Size)
 *fill*         0x20000328      0x400 
                0x20000728                        . = ALIGN (0x8)

/DISCARD/
 libc.a(*)
 libm.a(*)
 libgcc.a(*)
OUTPUT(build/PRO5.elf elf32-littlearm)
LOAD linker stubs
LOAD /usr/lib/gcc/arm-none-eabi/14.2.0/../../../../arm-none-eabi/lib/thumb/v7e-m+dp/hard/libc.a
LOAD /usr/lib/gcc/arm-none-eabi/14.2.0/../../../../arm-none-eabi/lib/thumb/v7e-m+dp/hard/libm.a
LOAD /usr/lib/gcc/arm-none-eabi/14.2.0/thumb/v7e-m+dp/hard/libgcc.a

.ARM.attributes
                0x00000000       0x2e
 .ARM.attributes
                0x00000000       0x20 /usr/lib/gcc/arm-none-eabi/14.2.0/thumb/v7e-m+dp/hard/crti.o
 .ARM.attributes
                0x00000020       0x32 /usr/lib/gcc/arm-none-eabi/14.2.0/thumb/v7e-m+dp/hard/crtbegin.o
 .ARM.attributes
                0x00000052       0x32 build/main.o
 .ARM.attributes
                0x00000084       0x32 build/stm32h7xx_it.o
 .ARM.attributes
                0x000000b6       0x32 build/stm32h7xx_hal_msp.o
 .ARM.attributes
                0x000000e8       0x32 build/system_stm32h7xx.o
 .ARM.attributes
                0x0000011a       0x32 build/gpio.o
 .ARM.attributes
                0x0000014c       0x32 build/ltdc.o
 .ARM.attributes
                0x0000017e       0x32 build/quadspi.o
 .ARM.attributes
                0x000001b0       0x32 build/stm32h7xx_hal_cortex.o
 .ARM.attributes
                0x000001e2       0x32 build/stm32h7xx_hal_rcc.o
 .ARM.attributes
                0x00000214       0x32 build/stm32h7xx_hal_rcc_ex.o
 .ARM.attributes
                0x00000246       0x32 build/stm32h7xx_hal_gpio.o
 .ARM.attributes
                0x00000278       0x32 build/stm32h7xx_hal_pwr_ex.o
 .ARM.attributes
                0x000002aa       0x32 build/stm32h7xx_hal.o
 .ARM.attributes
                0x000002dc       0x32 build/stm32h7xx_hal_ltdc.o
 .ARM.attributes
                0x0000030e       0x32 build/stm32h7xx_hal_qspi.o
 .ARM.attributes
                0x00000340       0x21 build/startup_stm32h743xx.o
 .ARM.attributes
                0x00000361       0x32 /usr/lib/gcc/arm-none-eabi/14.2.0/../../../../arm-none-eabi/lib/thumb/v7e-m+dp/hard/libc_nano.a(libc_a-memset.o)
 .ARM.attributes
                0x00000393       0x32 /usr/lib/gcc/arm-none-eabi/14.2.0/../../../../arm-none-eabi/lib/thumb/v7e-m+dp/hard/libc_nano.a(libc_a-init.o)
 .ARM.attributes
                0x000003c5       0x20 /usr/lib/gcc/arm-none-eabi/14.2.0/thumb/v7e-m+dp/hard/crtn.o

.comment        0x00000000       0x1e
 .comment       0x00000000       0x1e build/main.o
                                 0x1f (size before relaxing)
 .comment       0x0000001e       0x1f build/stm32h7xx_it.o
 .comment       0x0000001e       0x1f build/stm32h7xx_hal_msp.o
 .comment       0x0000001e       0x1f build/system_stm32h7xx.o
 .comment       0x0000001e       0x1f build/gpio.o
 .comment       0x0000001e       0x1f build/ltdc.o
 .comment       0x0000001e       0x1f build/quadspi.o
 .comment       0x0000001e       0x1f build/stm32h7xx_hal_cortex.o
 .comment       0x0000001e       0x1f build/stm32h7xx_hal_rcc.o
 .comment       0x0000001e       0x1f build/stm32h7xx_hal_rcc_ex.o
 .comment       0x0000001e       0x1f build/stm32h7xx_hal_gpio.o
 .comment       0x0000001e       0x1f build/stm32h7xx_hal_pwr_ex.o
 .comment       0x0000001e       0x1f build/stm32h7xx_hal.o
 .comment       0x0000001e       0x1f build/stm32h7xx_hal_ltdc.o
 .comment       0x0000001e       0x1f build/stm32h7xx_hal_qspi.o
 .comment       0x0000001e       0x1f /usr/lib/gcc/arm-none-eabi/14.2.0/../../../../arm-none-eabi/lib/thumb/v7e-m+dp/hard/libc_nano.a(libc_a-memset.o)
 .comment       0x0000001e       0x1f /usr/lib/gcc/arm-none-eabi/14.2.0/../../../../arm-none-eabi/lib/thumb/v7e-m+dp/hard/libc_nano.a(libc_a-init.o)

.debug_info     0x00000000    0x10c2e
 .debug_info    0x00000000      0xdc1 build/main.o
 .debug_info    0x00000dc1      0x16d build/stm32h7xx_it.o
 .debug_info    0x00000f2e      0x543 build/stm32h7xx_hal_msp.o
 .debug_info    0x00001471      0xf94 build/system_stm32h7xx.o
 .debug_info    0x00002405      0x9a3 build/gpio.o
 .debug_info    0x00002da8     0x13ab build/ltdc.o
 .debug_info    0x00004153     0x13b2 build/quadspi.o
 .debug_info    0x00005505     0x157c build/stm32h7xx_hal_cortex.o
 .debug_info    0x00006a81     0x1411 build/stm32h7xx_hal_rcc.o
 .debug_info    0x00007e92     0x1d05 build/stm32h7xx_hal_rcc_ex.o
 .debug_info    0x00009b97      0xef1 build/stm32h7xx_hal_gpio.o
 .debug_info    0x0000aa88     0x13fb build/stm32h7xx_hal_pwr_ex.o
 .debug_info    0x0000be83     0x190a build/stm32h7xx_hal.o
 .debug_info    0x0000d78d     0x1765 build/stm32h7xx_hal_ltdc.o
 .debug_info    0x0000eef2     0x1b21 build/stm32h7xx_hal_qspi.o
 .debug_info    0x00010a13       0x30 build/startup_stm32h743xx.o
 .debug_info    0x00010a43       0xe0 /usr/lib/gcc/arm-none-eabi/14.2.0/../../../../arm-none-eabi/lib/thumb/v7e-m+dp/hard/libc_nano.a(libc_a-memset.o)
 .debug_info    0x00010b23      0x10b /usr/lib/gcc/arm-none-eabi/14.2.0/../../../../arm-none-eabi/lib/thumb/v7e-m+dp/hard/libc_nano.a(libc_a-init.o)

.debug_abbrev   0x00000000     0x2221
 .debug_abbrev  0x00000000      0x262 build/main.o
 .debug_abbrev  0x00000262       0x80 build/stm32h7xx_it.o
 .debug_abbrev  0x000002e2       0xc8 build/stm32h7xx_hal_msp.o
 .debug_abbrev  0x000003aa      0x144 build/system_stm32h7xx.o
 .debug_abbrev  0x000004ee      0x18b build/gpio.o
 .debug_abbrev  0x00000679      0x20a build/ltdc.o
 .debug_abbrev  0x00000883      0x22b build/quadspi.o
 .debug_abbrev  0x00000aae      0x3e6 build/stm32h7xx_hal_cortex.o
 .debug_abbrev  0x00000e94      0x29b build/stm32h7xx_hal_rcc.o
 .debug_abbrev  0x0000112f      0x285 build/stm32h7xx_hal_rcc_ex.o
 .debug_abbrev  0x000013b4      0x25a build/stm32h7xx_hal_gpio.o
 .debug_abbrev  0x0000160e      0x2ca build/stm32h7xx_hal_pwr_ex.o
 .debug_abbrev  0x000018d8      0x2b1 build/stm32h7xx_hal.o
 .debug_abbrev  0x00001b89      0x27c build/stm32h7xx_hal_ltdc.o
 .debug_abbrev  0x00001e05      0x298 build/stm32h7xx_hal_qspi.o
 .debug_abbrev  0x0000209d       0x1d build/startup_stm32h743xx.o
 .debug_abbrev  0x000020ba       0x9e /usr/lib/gcc/arm-none-eabi/14.2.0/../../../../arm-none-eabi/lib/thumb/v7e-m+dp/hard/libc_nano.a(libc_a-memset.o)
 .debug_abbrev  0x00002158       0xc9 /usr/lib/gcc/arm-none-eabi/14.2.0/../../../../arm-none-eabi/lib/thumb/v7e-m+dp/hard/libc_nano.a(libc_a-init.o)

.debug_loc      0x00000000     0x82d8
 .debug_loc     0x00000000       0x9e build/main.o
 .debug_loc     0x0000009e       0x20 build/stm32h7xx_it.o
 .debug_loc     0x000000be       0x2c build/stm32h7xx_hal_msp.o
 .debug_loc     0x000000ea      0x1d8 build/system_stm32h7xx.o
 .debug_loc     0x000002c2       0x39 build/gpio.o
 .debug_loc     0x000002fb      0x162 build/ltdc.o
 .debug_loc     0x0000045d      0x13c build/quadspi.o
 .debug_loc     0x00000599      0x898 build/stm32h7xx_hal_cortex.o
 .debug_loc     0x00000e31      0xb18 build/stm32h7xx_hal_rcc.o
 .debug_loc     0x00001949     0x20f9 build/stm32h7xx_hal_rcc_ex.o
 .debug_loc     0x00003a42      0x4b2 build/stm32h7xx_hal_gpio.o
 .debug_loc     0x00003ef4      0x6af build/stm32h7xx_hal_pwr_ex.o
 .debug_loc     0x000045a3      0x58e build/stm32h7xx_hal.o
 .debug_loc     0x00004b31     0x1e0c build/stm32h7xx_hal_ltdc.o
 .debug_loc     0x0000693d     0x199b build/stm32h7xx_hal_qspi.o

.debug_aranges  0x00000000      0xa30
 .debug_aranges
                0x00000000       0x38 build/main.o
 .debug_aranges
                0x00000038       0x60 build/stm32h7xx_it.o
 .debug_aranges
                0x00000098       0x20 build/stm32h7xx_hal_msp.o
 .debug_aranges
                0x000000b8       0x30 build/system_stm32h7xx.o
 .debug_aranges
                0x000000e8       0x20 build/gpio.o
 .debug_aranges
                0x00000108       0x30 build/ltdc.o
 .debug_aranges
                0x00000138       0x30 build/quadspi.o
 .debug_aranges
                0x00000168       0xf8 build/stm32h7xx_hal_cortex.o
 .debug_aranges
                0x00000260       0x88 build/stm32h7xx_hal_rcc.o
 .debug_aranges
                0x000002e8       0xf8 build/stm32h7xx_hal_rcc_ex.o
 .debug_aranges
                0x000003e0       0x58 build/stm32h7xx_hal_gpio.o
 .debug_aranges
                0x00000438      0x158 build/stm32h7xx_hal_pwr_ex.o
 .debug_aranges
                0x00000590      0x198 build/stm32h7xx_hal.o
 .debug_aranges
                0x00000728      0x158 build/stm32h7xx_hal_ltdc.o
 .debug_aranges
                0x00000880      0x148 build/stm32h7xx_hal_qspi.o
 .debug_aranges
                0x000009c8       0x28 build/startup_stm32h743xx.o
 .debug_aranges
                0x000009f0       0x20 /usr/lib/gcc/arm-none-eabi/14.2.0/../../../../arm-none-eabi/lib/thumb/v7e-m+dp/hard/libc_nano.a(libc_a-memset.o)
 .debug_aranges
                0x00000a10       0x20 /usr/lib/gcc/arm-none-eabi/14.2.0/../../../../arm-none-eabi/lib/thumb/v7e-m+dp/hard/libc_nano.a(libc_a-init.o)

.debug_ranges   0x00000000      0x9c8
 .debug_ranges  0x00000000       0x28 build/main.o
 .debug_ranges  0x00000028       0x50 build/stm32h7xx_it.o
 .debug_ranges  0x00000078       0x10 build/stm32h7xx_hal_msp.o
 .debug_ranges  0x00000088       0x20 build/system_stm32h7xx.o
 .debug_ranges  0x000000a8       0x10 build/gpio.o
 .debug_ranges  0x000000b8       0x20 build/ltdc.o
 .debug_ranges  0x000000d8       0x20 build/quadspi.o
 .debug_ranges  0x000000f8       0xe8 build/stm32h7xx_hal_cortex.o
 .debug_ranges  0x000001e0       0xe8 build/stm32h7xx_hal_rcc.o
 .debug_ranges  0x000002c8       0xe8 build/stm32h7xx_hal_rcc_ex.o
 .debug_ranges  0x000003b0       0x48 build/stm32h7xx_hal_gpio.o
 .debug_ranges  0x000003f8      0x1a8 build/stm32h7xx_hal_pwr_ex.o
 .debug_ranges  0x000005a0      0x188 build/stm32h7xx_hal.o
 .debug_ranges  0x00000728      0x148 build/stm32h7xx_hal_ltdc.o
 .debug_ranges  0x00000870      0x138 build/stm32h7xx_hal_qspi.o
 .debug_ranges  0x000009a8       0x20 build/startup_stm32h743xx.o

.debug_line     0x00000000     0x9c1b
 .debug_line    0x00000000      0x41d build/main.o
 .debug_line    0x0000041d      0x177 build/stm32h7xx_it.o
 .debug_line    0x00000594      0x132 build/stm32h7xx_hal_msp.o
 .debug_line    0x000006c6      0x465 build/system_stm32h7xx.o
 .debug_line    0x00000b2b      0x408 build/gpio.o
 .debug_line    0x00000f33      0x634 build/ltdc.o
 .debug_line    0x00001567      0x3d3 build/quadspi.o
 .debug_line    0x0000193a      0x8bb build/stm32h7xx_hal_cortex.o
 .debug_line    0x000021f5     0x13f7 build/stm32h7xx_hal_rcc.o
 .debug_line    0x000035ec     0x201c build/stm32h7xx_hal_rcc_ex.o
 .debug_line    0x00005608      0x75d build/stm32h7xx_hal_gpio.o
 .debug_line    0x00005d65      0xba4 build/stm32h7xx_hal_pwr_ex.o
 .debug_line    0x00006909      0x96c build/stm32h7xx_hal.o
 .debug_line    0x00007275     0x125a build/stm32h7xx_hal_ltdc.o
 .debug_line    0x000084cf     0x14a0 build/stm32h7xx_hal_qspi.o
 .debug_line    0x0000996f       0x74 build/startup_stm32h743xx.o
 .debug_line    0x000099e3      0x123 /usr/lib/gcc/arm-none-eabi/14.2.0/../../../../arm-none-eabi/lib/thumb/v7e-m+dp/hard/libc_nano.a(libc_a-memset.o)
 .debug_line    0x00009b06      0x115 /usr/lib/gcc/arm-none-eabi/14.2.0/../../../../arm-none-eabi/lib/thumb/v7e-m+dp/hard/libc_nano.a(libc_a-init.o)

.debug_str      0x00000000     0x454f
 .debug_str     0x00000000     0x454f build/main.o
                                0x7ac (size before relaxing)
 .debug_str     0x0000454f      0x20d build/stm32h7xx_it.o
 .debug_str     0x0000454f      0x3c0 build/stm32h7xx_hal_msp.o
 .debug_str     0x0000454f      0x73c build/system_stm32h7xx.o
 .debug_str     0x0000454f      0x491 build/gpio.o
 .debug_str     0x0000454f      0xb49 build/ltdc.o
 .debug_str     0x0000454f      0xda8 build/quadspi.o
 .debug_str     0x0000454f     0x1088 build/stm32h7xx_hal_cortex.o
 .debug_str     0x0000454f      0xa22 build/stm32h7xx_hal_rcc.o
 .debug_str     0x0000454f      0xf2d build/stm32h7xx_hal_rcc_ex.o
 .debug_str     0x0000454f      0x6dc build/stm32h7xx_hal_gpio.o
 .debug_str     0x0000454f      0xa51 build/stm32h7xx_hal_pwr_ex.o
 .debug_str     0x0000454f     0x14c2 build/stm32h7xx_hal.o
 .debug_str     0x0000454f      0x9e0 build/stm32h7xx_hal_ltdc.o
 .debug_str     0x0000454f      0xc6d build/stm32h7xx_hal_qspi.o
 .debug_str     0x0000454f       0x55 build/startup_stm32h743xx.o
 .debug_str     0x0000454f      0x1c2 /usr/lib/gcc/arm-none-eabi/14.2.0/../../../../arm-none-eabi/lib/thumb/v7e-m+dp/hard/libc_nano.a(libc_a-memset.o)
 .debug_str     0x0000454f      0x223 /usr/lib/gcc/arm-none-eabi/14.2.0/../../../../arm-none-eabi/lib/thumb/v7e-m+dp/hard/libc_nano.a(libc_a-init.o)

.debug_frame    0x00000000     0x17ec
 .debug_frame   0x00000000       0x78 build/main.o
 .debug_frame   0x00000078       0xa8 build/stm32h7xx_it.o
 .debug_frame   0x00000120       0x28 build/stm32h7xx_hal_msp.o
 .debug_frame   0x00000148       0x50 build/system_stm32h7xx.o
 .debug_frame   0x00000198       0x40 build/gpio.o
 .debug_frame   0x000001d8       0x78 build/ltdc.o
 .debug_frame   0x00000250       0x6c build/quadspi.o
 .debug_frame   0x000002bc      0x214 build/stm32h7xx_hal_cortex.o
 .debug_frame   0x000004d0      0x18c build/stm32h7xx_hal_rcc.o
 .debug_frame   0x0000065c      0x284 build/stm32h7xx_hal_rcc_ex.o
 .debug_frame   0x000008e0       0xd4 build/stm32h7xx_hal_gpio.o
 .debug_frame   0x000009b4      0x2f4 build/stm32h7xx_hal_pwr_ex.o
 .debug_frame   0x00000ca8      0x360 build/stm32h7xx_hal.o
 .debug_frame   0x00001008      0x3c0 build/stm32h7xx_hal_ltdc.o
 .debug_frame   0x000013c8      0x3d8 build/stm32h7xx_hal_qspi.o
 .debug_frame   0x000017a0       0x20 /usr/lib/gcc/arm-none-eabi/14.2.0/../../../../arm-none-eabi/lib/thumb/v7e-m+dp/hard/libc_nano.a(libc_a-memset.o)
 .debug_frame   0x000017c0       0x2c /usr/lib/gcc/arm-none-eabi/14.2.0/../../../../arm-none-eabi/lib/thumb/v7e-m+dp/hard/libc_nano.a(libc_a-init.o)

.debug_loclists
                0x00000000       0xa1
 .debug_loclists
                0x00000000       0x4d /usr/lib/gcc/arm-none-eabi/14.2.0/../../../../arm-none-eabi/lib/thumb/v7e-m+dp/hard/libc_nano.a(libc_a-memset.o)
 .debug_loclists
                0x0000004d       0x54 /usr/lib/gcc/arm-none-eabi/14.2.0/../../../../arm-none-eabi/lib/thumb/v7e-m+dp/hard/libc_nano.a(libc_a-init.o)

.debug_rnglists
                0x00000000       0x26
 .debug_rnglists
                0x00000000       0x13 /usr/lib/gcc/arm-none-eabi/14.2.0/../../../../arm-none-eabi/lib/thumb/v7e-m+dp/hard/libc_nano.a(libc_a-memset.o)
 .debug_rnglists
                0x00000013       0x13 /usr/lib/gcc/arm-none-eabi/14.2.0/../../../../arm-none-eabi/lib/thumb/v7e-m+dp/hard/libc_nano.a(libc_a-init.o)

Cross Reference Table

Symbol                                            File
ADC3_IRQHandler                                   build/startup_stm32h743xx.o
ADC_IRQHandler                                    build/startup_stm32h743xx.o
BDMA_Channel0_IRQHandler                          build/startup_stm32h743xx.o
BDMA_Channel1_IRQHandler                          build/startup_stm32h743xx.o
BDMA_Channel2_IRQHandler                          build/startup_stm32h743xx.o
BDMA_Channel3_IRQHandler                          build/startup_stm32h743xx.o
BDMA_Channel4_IRQHandler                          build/startup_stm32h743xx.o
BDMA_Channel5_IRQHandler                          build/startup_stm32h743xx.o
BDMA_Channel6_IRQHandler                          build/startup_stm32h743xx.o
BDMA_Channel7_IRQHandler                          build/startup_stm32h743xx.o
BusFault_Handler                                  build/stm32h7xx_it.o
CEC_IRQHandler                                    build/startup_stm32h743xx.o
COMP1_IRQHandler                                  build/startup_stm32h743xx.o
CRS_IRQHandler                                    build/startup_stm32h743xx.o
D1CorePrescTable                                  build/system_stm32h7xx.o
                                                  build/stm32h7xx_hal.o
                                                  build/stm32h7xx_hal_rcc_ex.o
                                                  build/stm32h7xx_hal_rcc.o
DCMI_IRQHandler                                   build/startup_stm32h743xx.o
DFSDM1_FLT0_IRQHandler                            build/startup_stm32h743xx.o
DFSDM1_FLT1_IRQHandler                            build/startup_stm32h743xx.o
DFSDM1_FLT2_IRQHandler                            build/startup_stm32h743xx.o
DFSDM1_FLT3_IRQHandler                            build/startup_stm32h743xx.o
DMA1_Stream0_IRQHandler                           build/startup_stm32h743xx.o
DMA1_Stream1_IRQHandler                           build/startup_stm32h743xx.o
DMA1_Stream2_IRQHandler                           build/startup_stm32h743xx.o
DMA1_Stream3_IRQHandler                           build/startup_stm32h743xx.o
DMA1_Stream4_IRQHandler                           build/startup_stm32h743xx.o
DMA1_Stream5_IRQHandler                           build/startup_stm32h743xx.o
DMA1_Stream6_IRQHandler                           build/startup_stm32h743xx.o
DMA1_Stream7_IRQHandler                           build/startup_stm32h743xx.o
DMA2D_IRQHandler                                  build/startup_stm32h743xx.o
DMA2_Stream0_IRQHandler                           build/startup_stm32h743xx.o
DMA2_Stream1_IRQHandler                           build/startup_stm32h743xx.o
DMA2_Stream2_IRQHandler                           build/startup_stm32h743xx.o
DMA2_Stream3_IRQHandler                           build/startup_stm32h743xx.o
DMA2_Stream4_IRQHandler                           build/startup_stm32h743xx.o
DMA2_Stream5_IRQHandler                           build/startup_stm32h743xx.o
DMA2_Stream6_IRQHandler                           build/startup_stm32h743xx.o
DMA2_Stream7_IRQHandler                           build/startup_stm32h743xx.o
DMAMUX1_OVR_IRQHandler                            build/startup_stm32h743xx.o
DMAMUX2_OVR_IRQHandler                            build/startup_stm32h743xx.o
DebugMon_Handler                                  build/stm32h7xx_it.o
Default_Handler                                   build/startup_stm32h743xx.o
DelayBlock_Configure                              build/stm32h7xx_ll_delayblock.o
DelayBlock_Disable                                build/stm32h7xx_ll_delayblock.o
DelayBlock_Enable                                 build/stm32h7xx_ll_delayblock.o
ECC_IRQHandler                                    build/startup_stm32h743xx.o
ETH_IRQHandler                                    build/startup_stm32h743xx.o
ETH_WKUP_IRQHandler                               build/startup_stm32h743xx.o
EXTI0_IRQHandler                                  build/startup_stm32h743xx.o
EXTI15_10_IRQHandler                              build/startup_stm32h743xx.o
EXTI1_IRQHandler                                  build/startup_stm32h743xx.o
EXTI2_IRQHandler                                  build/startup_stm32h743xx.o
EXTI3_IRQHandler                                  build/startup_stm32h743xx.o
EXTI4_IRQHandler                                  build/startup_stm32h743xx.o
EXTI9_5_IRQHandler                                build/startup_stm32h743xx.o
Error_Handler                                     build/main.o
                                                  build/quadspi.o
                                                  build/ltdc.o
ExitRun0Mode                                      build/system_stm32h7xx.o
                                                  build/startup_stm32h743xx.o
FDCAN1_IT0_IRQHandler                             build/startup_stm32h743xx.o
FDCAN1_IT1_IRQHandler                             build/startup_stm32h743xx.o
FDCAN2_IT0_IRQHandler                             build/startup_stm32h743xx.o
FDCAN2_IT1_IRQHandler                             build/startup_stm32h743xx.o
FDCAN_CAL_IRQHandler                              build/startup_stm32h743xx.o
FLASH_CRC_WaitForLastOperation                    build/stm32h7xx_hal_flash.o
                                                  build/stm32h7xx_hal_flash_ex.o
FLASH_Erase_Sector                                build/stm32h7xx_hal_flash_ex.o
                                                  build/stm32h7xx_hal_flash.o
FLASH_IRQHandler                                  build/startup_stm32h743xx.o
FLASH_OB_WaitForLastOperation                     build/stm32h7xx_hal_flash.o
                                                  build/stm32h7xx_hal_flash_ex.o
FLASH_WaitForLastOperation                        build/stm32h7xx_hal_flash.o
                                                  build/stm32h7xx_hal_flash_ex.o
FMC_IRQHandler                                    build/startup_stm32h743xx.o
FPU_IRQHandler                                    build/startup_stm32h743xx.o
HAL_DBGMCU_DisableDBGSleepMode                    build/stm32h7xx_hal.o
HAL_DBGMCU_DisableDBGStandbyMode                  build/stm32h7xx_hal.o
HAL_DBGMCU_DisableDBGStopMode                     build/stm32h7xx_hal.o
HAL_DBGMCU_EnableDBGSleepMode                     build/stm32h7xx_hal.o
HAL_DBGMCU_EnableDBGStandbyMode                   build/stm32h7xx_hal.o
HAL_DBGMCU_EnableDBGStopMode                      build/stm32h7xx_hal.o
HAL_DMAEx_ChangeMemory                            build/stm32h7xx_hal_dma_ex.o
HAL_DMAEx_ConfigMuxRequestGenerator               build/stm32h7xx_hal_dma_ex.o
HAL_DMAEx_ConfigMuxSync                           build/stm32h7xx_hal_dma_ex.o
HAL_DMAEx_DisableMuxRequestGenerator              build/stm32h7xx_hal_dma_ex.o
HAL_DMAEx_EnableMuxRequestGenerator               build/stm32h7xx_hal_dma_ex.o
HAL_DMAEx_MUX_IRQHandler                          build/stm32h7xx_hal_dma_ex.o
HAL_DMAEx_MultiBufferStart                        build/stm32h7xx_hal_dma_ex.o
HAL_DMAEx_MultiBufferStart_IT                     build/stm32h7xx_hal_dma_ex.o
HAL_DMA_Abort                                     build/stm32h7xx_hal_dma.o
HAL_DMA_Abort_IT                                  build/stm32h7xx_hal_dma.o
                                                  build/stm32h7xx_hal_i2c.o
HAL_DMA_DeInit                                    build/stm32h7xx_hal_dma.o
HAL_DMA_GetError                                  build/stm32h7xx_hal_dma.o
                                                  build/stm32h7xx_hal_i2c.o
HAL_DMA_GetState                                  build/stm32h7xx_hal_dma.o
                                                  build/stm32h7xx_hal_i2c.o
HAL_DMA_IRQHandler                                build/stm32h7xx_hal_dma.o
HAL_DMA_Init                                      build/stm32h7xx_hal_dma.o
HAL_DMA_PollForTransfer                           build/stm32h7xx_hal_dma.o
HAL_DMA_RegisterCallback                          build/stm32h7xx_hal_dma.o
HAL_DMA_Start                                     build/stm32h7xx_hal_dma.o
HAL_DMA_Start_IT                                  build/stm32h7xx_hal_dma.o
                                                  build/stm32h7xx_hal_i2c.o
HAL_DMA_UnRegisterCallback                        build/stm32h7xx_hal_dma.o
HAL_DeInit                                        build/stm32h7xx_hal.o
HAL_Delay                                         build/stm32h7xx_hal.o
HAL_DisableCompensationCell                       build/stm32h7xx_hal.o
HAL_EXTI_ClearConfigLine                          build/stm32h7xx_hal_exti.o
HAL_EXTI_ClearPending                             build/stm32h7xx_hal_exti.o
HAL_EXTI_D1_ClearFlag                             build/stm32h7xx_hal.o
HAL_EXTI_D1_EventInputConfig                      build/stm32h7xx_hal.o
HAL_EXTI_D3_EventInputConfig                      build/stm32h7xx_hal.o
HAL_EXTI_EdgeConfig                               build/stm32h7xx_hal.o
HAL_EXTI_GenerateSWI                              build/stm32h7xx_hal_exti.o
HAL_EXTI_GenerateSWInterrupt                      build/stm32h7xx_hal.o
HAL_EXTI_GetConfigLine                            build/stm32h7xx_hal_exti.o
HAL_EXTI_GetHandle                                build/stm32h7xx_hal_exti.o
HAL_EXTI_GetPending                               build/stm32h7xx_hal_exti.o
HAL_EXTI_IRQHandler                               build/stm32h7xx_hal_exti.o
HAL_EXTI_RegisterCallback                         build/stm32h7xx_hal_exti.o
HAL_EXTI_SetConfigLine                            build/stm32h7xx_hal_exti.o
HAL_EnableCompensationCell                        build/stm32h7xx_hal.o
HAL_FLASHEx_ComputeCRC                            build/stm32h7xx_hal_flash_ex.o
HAL_FLASHEx_Erase                                 build/stm32h7xx_hal_flash_ex.o
HAL_FLASHEx_Erase_IT                              build/stm32h7xx_hal_flash_ex.o
HAL_FLASHEx_Lock_Bank1                            build/stm32h7xx_hal_flash_ex.o
HAL_FLASHEx_Lock_Bank2                            build/stm32h7xx_hal_flash_ex.o
HAL_FLASHEx_OBGetConfig                           build/stm32h7xx_hal_flash_ex.o
HAL_FLASHEx_OBProgram                             build/stm32h7xx_hal_flash_ex.o
HAL_FLASHEx_Unlock_Bank1                          build/stm32h7xx_hal_flash_ex.o
HAL_FLASHEx_Unlock_Bank2                          build/stm32h7xx_hal_flash_ex.o
HAL_FLASH_EndOfOperationCallback                  build/stm32h7xx_hal_flash.o
HAL_FLASH_GetError                                build/stm32h7xx_hal_flash.o
HAL_FLASH_IRQHandler                              build/stm32h7xx_hal_flash.o
HAL_FLASH_Lock                                    build/stm32h7xx_hal_flash.o
HAL_FLASH_OB_Launch                               build/stm32h7xx_hal_flash.o
HAL_FLASH_OB_Lock                                 build/stm32h7xx_hal_flash.o
HAL_FLASH_OB_Unlock                               build/stm32h7xx_hal_flash.o
HAL_FLASH_OperationErrorCallback                  build/stm32h7xx_hal_flash.o
HAL_FLASH_Program                                 build/stm32h7xx_hal_flash.o
HAL_FLASH_Program_IT                              build/stm32h7xx_hal_flash.o
HAL_FLASH_Unlock                                  build/stm32h7xx_hal_flash.o
HAL_GPIO_DeInit                                   build/stm32h7xx_hal_gpio.o
                                                  build/quadspi.o
                                                  build/ltdc.o
HAL_GPIO_EXTI_Callback                            build/stm32h7xx_hal_gpio.o
HAL_GPIO_EXTI_IRQHandler                          build/stm32h7xx_hal_gpio.o
HAL_GPIO_Init                                     build/stm32h7xx_hal_gpio.o
                                                  build/stm32h7xx_hal_rcc.o
                                                  build/quadspi.o
                                                  build/ltdc.o
                                                  build/gpio.o
HAL_GPIO_LockPin                                  build/stm32h7xx_hal_gpio.o
HAL_GPIO_ReadPin                                  build/stm32h7xx_hal_gpio.o
HAL_GPIO_TogglePin                                build/stm32h7xx_hal_gpio.o
HAL_GPIO_WritePin                                 build/stm32h7xx_hal_gpio.o
                                                  build/gpio.o
HAL_GetCurrentCPUID                               build/stm32h7xx_hal_cortex.o
HAL_GetDEVID                                      build/stm32h7xx_hal.o
HAL_GetFMCMemorySwappingConfig                    build/stm32h7xx_hal.o
HAL_GetHalVersion                                 build/stm32h7xx_hal.o
HAL_GetREVID                                      build/stm32h7xx_hal.o
                                                  build/stm32h7xx_hal_rcc_ex.o
                                                  build/stm32h7xx_hal_rcc.o
HAL_GetTick                                       build/stm32h7xx_hal.o
                                                  build/stm32h7xx_ll_delayblock.o
                                                  build/stm32h7xx_hal_qspi.o
                                                  build/stm32h7xx_hal_ltdc.o
                                                  build/stm32h7xx_hal_i2c.o
                                                  build/stm32h7xx_hal_pwr_ex.o
                                                  build/stm32h7xx_hal_mdma.o
                                                  build/stm32h7xx_hal_dma.o
                                                  build/stm32h7xx_hal_flash.o
                                                  build/stm32h7xx_hal_rcc_ex.o
                                                  build/stm32h7xx_hal_rcc.o
HAL_GetTickFreq                                   build/stm32h7xx_hal.o
HAL_GetTickPrio                                   build/stm32h7xx_hal.o
HAL_GetUIDw0                                      build/stm32h7xx_hal.o
HAL_GetUIDw1                                      build/stm32h7xx_hal.o
HAL_GetUIDw2                                      build/stm32h7xx_hal.o
HAL_HSEM_ActivateNotification                     build/stm32h7xx_hal_hsem.o
HAL_HSEM_DeactivateNotification                   build/stm32h7xx_hal_hsem.o
HAL_HSEM_FastTake                                 build/stm32h7xx_hal_hsem.o
HAL_HSEM_FreeCallback                             build/stm32h7xx_hal_hsem.o
HAL_HSEM_GetClearKey                              build/stm32h7xx_hal_hsem.o
HAL_HSEM_IRQHandler                               build/stm32h7xx_hal_hsem.o
HAL_HSEM_IsSemTaken                               build/stm32h7xx_hal_hsem.o
HAL_HSEM_Release                                  build/stm32h7xx_hal_hsem.o
HAL_HSEM_ReleaseAll                               build/stm32h7xx_hal_hsem.o
HAL_HSEM_SetClearKey                              build/stm32h7xx_hal_hsem.o
HAL_HSEM_Take                                     build/stm32h7xx_hal_hsem.o
HAL_I2CEx_ConfigAnalogFilter                      build/stm32h7xx_hal_i2c_ex.o
HAL_I2CEx_ConfigDigitalFilter                     build/stm32h7xx_hal_i2c_ex.o
HAL_I2CEx_DisableFastModePlus                     build/stm32h7xx_hal_i2c_ex.o
HAL_I2CEx_DisableWakeUp                           build/stm32h7xx_hal_i2c_ex.o
HAL_I2CEx_EnableFastModePlus                      build/stm32h7xx_hal_i2c_ex.o
HAL_I2CEx_EnableWakeUp                            build/stm32h7xx_hal_i2c_ex.o
HAL_I2C_AbortCpltCallback                         build/stm32h7xx_hal_i2c.o
HAL_I2C_AddrCallback                              build/stm32h7xx_hal_i2c.o
HAL_I2C_DeInit                                    build/stm32h7xx_hal_i2c.o
HAL_I2C_DisableListen_IT                          build/stm32h7xx_hal_i2c.o
HAL_I2C_ER_IRQHandler                             build/stm32h7xx_hal_i2c.o
HAL_I2C_EV_IRQHandler                             build/stm32h7xx_hal_i2c.o
HAL_I2C_EnableListen_IT                           build/stm32h7xx_hal_i2c.o
HAL_I2C_ErrorCallback                             build/stm32h7xx_hal_i2c.o
HAL_I2C_GetError                                  build/stm32h7xx_hal_i2c.o
HAL_I2C_GetMode                                   build/stm32h7xx_hal_i2c.o
HAL_I2C_GetState                                  build/stm32h7xx_hal_i2c.o
HAL_I2C_Init                                      build/stm32h7xx_hal_i2c.o
HAL_I2C_IsDeviceReady                             build/stm32h7xx_hal_i2c.o
HAL_I2C_ListenCpltCallback                        build/stm32h7xx_hal_i2c.o
HAL_I2C_MasterRxCpltCallback                      build/stm32h7xx_hal_i2c.o
HAL_I2C_MasterTxCpltCallback                      build/stm32h7xx_hal_i2c.o
HAL_I2C_Master_Abort_IT                           build/stm32h7xx_hal_i2c.o
HAL_I2C_Master_Receive                            build/stm32h7xx_hal_i2c.o
HAL_I2C_Master_Receive_DMA                        build/stm32h7xx_hal_i2c.o
HAL_I2C_Master_Receive_IT                         build/stm32h7xx_hal_i2c.o
HAL_I2C_Master_Seq_Receive_DMA                    build/stm32h7xx_hal_i2c.o
HAL_I2C_Master_Seq_Receive_IT                     build/stm32h7xx_hal_i2c.o
HAL_I2C_Master_Seq_Transmit_DMA                   build/stm32h7xx_hal_i2c.o
HAL_I2C_Master_Seq_Transmit_IT                    build/stm32h7xx_hal_i2c.o
HAL_I2C_Master_Transmit                           build/stm32h7xx_hal_i2c.o
HAL_I2C_Master_Transmit_DMA                       build/stm32h7xx_hal_i2c.o
HAL_I2C_Master_Transmit_IT                        build/stm32h7xx_hal_i2c.o
HAL_I2C_MemRxCpltCallback                         build/stm32h7xx_hal_i2c.o
HAL_I2C_MemTxCpltCallback                         build/stm32h7xx_hal_i2c.o
HAL_I2C_Mem_Read                                  build/stm32h7xx_hal_i2c.o
HAL_I2C_Mem_Read_DMA                              build/stm32h7xx_hal_i2c.o
HAL_I2C_Mem_Read_IT                               build/stm32h7xx_hal_i2c.o
HAL_I2C_Mem_Write                                 build/stm32h7xx_hal_i2c.o
HAL_I2C_Mem_Write_DMA                             build/stm32h7xx_hal_i2c.o
HAL_I2C_Mem_Write_IT                              build/stm32h7xx_hal_i2c.o
HAL_I2C_MspDeInit                                 build/stm32h7xx_hal_i2c.o
HAL_I2C_MspInit                                   build/stm32h7xx_hal_i2c.o
HAL_I2C_SlaveRxCpltCallback                       build/stm32h7xx_hal_i2c.o
HAL_I2C_SlaveTxCpltCallback                       build/stm32h7xx_hal_i2c.o
HAL_I2C_Slave_Receive                             build/stm32h7xx_hal_i2c.o
HAL_I2C_Slave_Receive_DMA                         build/stm32h7xx_hal_i2c.o
HAL_I2C_Slave_Receive_IT                          build/stm32h7xx_hal_i2c.o
HAL_I2C_Slave_Seq_Receive_DMA                     build/stm32h7xx_hal_i2c.o
HAL_I2C_Slave_Seq_Receive_IT                      build/stm32h7xx_hal_i2c.o
HAL_I2C_Slave_Seq_Transmit_DMA                    build/stm32h7xx_hal_i2c.o
HAL_I2C_Slave_Seq_Transmit_IT                     build/stm32h7xx_hal_i2c.o
HAL_I2C_Slave_Transmit                            build/stm32h7xx_hal_i2c.o
HAL_I2C_Slave_Transmit_DMA                        build/stm32h7xx_hal_i2c.o
HAL_I2C_Slave_Transmit_IT                         build/stm32h7xx_hal_i2c.o
HAL_IncTick                                       build/stm32h7xx_hal.o
                                                  build/stm32h7xx_it.o
HAL_Init                                          build/stm32h7xx_hal.o
                                                  build/main.o
HAL_InitTick                                      build/stm32h7xx_hal.o
                                                  build/stm32h7xx_hal_rcc.o
HAL_LTDC_ConfigCLUT                               build/stm32h7xx_hal_ltdc.o
HAL_LTDC_ConfigColorKeying                        build/stm32h7xx_hal_ltdc.o
HAL_LTDC_ConfigColorKeying_NoReload               build/stm32h7xx_hal_ltdc.o
HAL_LTDC_ConfigLayer                              build/stm32h7xx_hal_ltdc.o
                                                  build/ltdc.o
HAL_LTDC_ConfigLayer_NoReload                     build/stm32h7xx_hal_ltdc.o
HAL_LTDC_DeInit                                   build/stm32h7xx_hal_ltdc.o
HAL_LTDC_DisableCLUT                              build/stm32h7xx_hal_ltdc.o
HAL_LTDC_DisableCLUT_NoReload                     build/stm32h7xx_hal_ltdc.o
HAL_LTDC_DisableColorKeying                       build/stm32h7xx_hal_ltdc.o
HAL_LTDC_DisableColorKeying_NoReload              build/stm32h7xx_hal_ltdc.o
HAL_LTDC_DisableDither                            build/stm32h7xx_hal_ltdc.o
HAL_LTDC_EnableCLUT                               build/stm32h7xx_hal_ltdc.o
HAL_LTDC_EnableCLUT_NoReload                      build/stm32h7xx_hal_ltdc.o
HAL_LTDC_EnableColorKeying                        build/stm32h7xx_hal_ltdc.o
HAL_LTDC_EnableColorKeying_NoReload               build/stm32h7xx_hal_ltdc.o
HAL_LTDC_EnableDither                             build/stm32h7xx_hal_ltdc.o
HAL_LTDC_ErrorCallback                            build/stm32h7xx_hal_ltdc.o
HAL_LTDC_GetError                                 build/stm32h7xx_hal_ltdc.o
HAL_LTDC_GetState                                 build/stm32h7xx_hal_ltdc.o
HAL_LTDC_IRQHandler                               build/stm32h7xx_hal_ltdc.o
HAL_LTDC_Init                                     build/stm32h7xx_hal_ltdc.o
                                                  build/ltdc.o
HAL_LTDC_LineEventCallback                        build/stm32h7xx_hal_ltdc.o
HAL_LTDC_MspDeInit                                build/ltdc.o
HAL_LTDC_MspInit                                  build/ltdc.o
HAL_LTDC_ProgramLineEvent                         build/stm32h7xx_hal_ltdc.o
HAL_LTDC_Reload                                   build/stm32h7xx_hal_ltdc.o
HAL_LTDC_ReloadEventCallback                      build/stm32h7xx_hal_ltdc.o
HAL_LTDC_SetAddress                               build/stm32h7xx_hal_ltdc.o
HAL_LTDC_SetAddress_NoReload                      build/stm32h7xx_hal_ltdc.o
HAL_LTDC_SetAlpha                                 build/stm32h7xx_hal_ltdc.o
HAL_LTDC_SetAlpha_NoReload                        build/stm32h7xx_hal_ltdc.o
HAL_LTDC_SetPitch                                 build/stm32h7xx_hal_ltdc.o
HAL_LTDC_SetPitch_NoReload                        build/stm32h7xx_hal_ltdc.o
HAL_LTDC_SetPixelFormat                           build/stm32h7xx_hal_ltdc.o
HAL_LTDC_SetPixelFormat_NoReload                  build/stm32h7xx_hal_ltdc.o
HAL_LTDC_SetWindowPosition                        build/stm32h7xx_hal_ltdc.o
HAL_LTDC_SetWindowPosition_NoReload               build/stm32h7xx_hal_ltdc.o
HAL_LTDC_SetWindowSize                            build/stm32h7xx_hal_ltdc.o
HAL_LTDC_SetWindowSize_NoReload                   build/stm32h7xx_hal_ltdc.o
HAL_MDMA_Abort                                    build/stm32h7xx_hal_mdma.o
                                                  build/stm32h7xx_hal_qspi.o
HAL_MDMA_Abort_IT                                 build/stm32h7xx_hal_mdma.o
                                                  build/stm32h7xx_hal_qspi.o
HAL_MDMA_ConfigPostRequestMask                    build/stm32h7xx_hal_mdma.o
HAL_MDMA_DeInit                                   build/stm32h7xx_hal_mdma.o
HAL_MDMA_GenerateSWRequest                        build/stm32h7xx_hal_mdma.o
HAL_MDMA_GetError                                 build/stm32h7xx_hal_mdma.o
HAL_MDMA_GetState                                 build/stm32h7xx_hal_mdma.o
HAL_MDMA_IRQHandler                               build/stm32h7xx_hal_mdma.o
HAL_MDMA_Init                                     build/stm32h7xx_hal_mdma.o
HAL_MDMA_LinkedList_AddNode                       build/stm32h7xx_hal_mdma.o
HAL_MDMA_LinkedList_CreateNode                    build/stm32h7xx_hal_mdma.o
HAL_MDMA_LinkedList_DisableCircularMode           build/stm32h7xx_hal_mdma.o
HAL_MDMA_LinkedList_EnableCircularMode            build/stm32h7xx_hal_mdma.o
HAL_MDMA_LinkedList_RemoveNode                    build/stm32h7xx_hal_mdma.o
HAL_MDMA_PollForTransfer                          build/stm32h7xx_hal_mdma.o
HAL_MDMA_RegisterCallback                         build/stm32h7xx_hal_mdma.o
HAL_MDMA_Start                                    build/stm32h7xx_hal_mdma.o
HAL_MDMA_Start_IT                                 build/stm32h7xx_hal_mdma.o
                                                  build/stm32h7xx_hal_qspi.o
HAL_MDMA_UnRegisterCallback                       build/stm32h7xx_hal_mdma.o
HAL_MPU_ConfigRegion                              build/stm32h7xx_hal_cortex.o
                                                  build/main.o
HAL_MPU_Disable                                   build/stm32h7xx_hal_cortex.o
                                                  build/main.o
HAL_MPU_DisableRegion                             build/stm32h7xx_hal_cortex.o
HAL_MPU_Enable                                    build/stm32h7xx_hal_cortex.o
                                                  build/main.o
HAL_MPU_EnableRegion                              build/stm32h7xx_hal_cortex.o
HAL_MspDeInit                                     build/stm32h7xx_hal.o
HAL_MspInit                                       build/stm32h7xx_hal_msp.o
HAL_NVIC_ClearPendingIRQ                          build/stm32h7xx_hal_cortex.o
HAL_NVIC_DisableIRQ                               build/stm32h7xx_hal_cortex.o
HAL_NVIC_EnableIRQ                                build/stm32h7xx_hal_cortex.o
HAL_NVIC_GetActive                                build/stm32h7xx_hal_cortex.o
HAL_NVIC_GetPendingIRQ                            build/stm32h7xx_hal_cortex.o
HAL_NVIC_GetPriority                              build/stm32h7xx_hal_cortex.o
HAL_NVIC_GetPriorityGrouping                      build/stm32h7xx_hal_cortex.o
HAL_NVIC_SetPendingIRQ                            build/stm32h7xx_hal_cortex.o
HAL_NVIC_SetPriority                              build/stm32h7xx_hal_cortex.o
                                                  build/stm32h7xx_hal.o
HAL_NVIC_SetPriorityGrouping                      build/stm32h7xx_hal_cortex.o
                                                  build/stm32h7xx_hal.o
HAL_NVIC_SystemReset                              build/stm32h7xx_hal_cortex.o
HAL_PWREx_AVDCallback                             build/stm32h7xx_hal_pwr_ex.o
HAL_PWREx_ClearPendingEvent                       build/stm32h7xx_hal_pwr_ex.o
HAL_PWREx_ClearWakeupFlag                         build/stm32h7xx_hal_pwr_ex.o
HAL_PWREx_ConfigAVD                               build/stm32h7xx_hal_pwr_ex.o
HAL_PWREx_ConfigD3Domain                          build/stm32h7xx_hal_pwr_ex.o
HAL_PWREx_ConfigSupply                            build/stm32h7xx_hal_pwr_ex.o
                                                  build/main.o
HAL_PWREx_ControlStopModeVoltageScaling           build/stm32h7xx_hal_pwr_ex.o
HAL_PWREx_ControlVoltageScaling                   build/stm32h7xx_hal_pwr_ex.o
HAL_PWREx_DisableAVD                              build/stm32h7xx_hal_pwr_ex.o
HAL_PWREx_DisableBatteryCharging                  build/stm32h7xx_hal_pwr_ex.o
HAL_PWREx_DisableBkUpReg                          build/stm32h7xx_hal_pwr_ex.o
HAL_PWREx_DisableFlashPowerDown                   build/stm32h7xx_hal_pwr_ex.o
HAL_PWREx_DisableMonitoring                       build/stm32h7xx_hal_pwr_ex.o
HAL_PWREx_DisableUSBReg                           build/stm32h7xx_hal_pwr_ex.o
HAL_PWREx_DisableUSBVoltageDetector               build/stm32h7xx_hal_pwr_ex.o
HAL_PWREx_DisableWakeUpPin                        build/stm32h7xx_hal_pwr_ex.o
HAL_PWREx_EnableAVD                               build/stm32h7xx_hal_pwr_ex.o
HAL_PWREx_EnableBatteryCharging                   build/stm32h7xx_hal_pwr_ex.o
HAL_PWREx_EnableBkUpReg                           build/stm32h7xx_hal_pwr_ex.o
HAL_PWREx_EnableFlashPowerDown                    build/stm32h7xx_hal_pwr_ex.o
HAL_PWREx_EnableMonitoring                        build/stm32h7xx_hal_pwr_ex.o
HAL_PWREx_EnableUSBReg                            build/stm32h7xx_hal_pwr_ex.o
HAL_PWREx_EnableUSBVoltageDetector                build/stm32h7xx_hal_pwr_ex.o
HAL_PWREx_EnableWakeUpPin                         build/stm32h7xx_hal_pwr_ex.o
HAL_PWREx_EnterSTANDBYMode                        build/stm32h7xx_hal_pwr_ex.o
HAL_PWREx_EnterSTOPMode                           build/stm32h7xx_hal_pwr_ex.o
HAL_PWREx_GetStopModeVoltageRange                 build/stm32h7xx_hal_pwr_ex.o
HAL_PWREx_GetSupplyConfig                         build/stm32h7xx_hal_pwr_ex.o
HAL_PWREx_GetTemperatureLevel                     build/stm32h7xx_hal_pwr_ex.o
HAL_PWREx_GetVBATLevel                            build/stm32h7xx_hal_pwr_ex.o
HAL_PWREx_GetVoltageRange                         build/stm32h7xx_hal_pwr_ex.o
HAL_PWREx_GetWakeupFlag                           build/stm32h7xx_hal_pwr_ex.o
HAL_PWREx_PVD_AVD_IRQHandler                      build/stm32h7xx_hal_pwr_ex.o
HAL_PWREx_WAKEUP_PIN_IRQHandler                   build/stm32h7xx_hal_pwr_ex.o
HAL_PWREx_WKUP1_Callback                          build/stm32h7xx_hal_pwr_ex.o
HAL_PWREx_WKUP2_Callback                          build/stm32h7xx_hal_pwr_ex.o
HAL_PWREx_WKUP3_Callback                          build/stm32h7xx_hal_pwr_ex.o
HAL_PWREx_WKUP4_Callback                          build/stm32h7xx_hal_pwr_ex.o
HAL_PWREx_WKUP5_Callback                          build/stm32h7xx_hal_pwr_ex.o
HAL_PWREx_WKUP6_Callback                          build/stm32h7xx_hal_pwr_ex.o
HAL_PWR_ConfigPVD                                 build/stm32h7xx_hal_pwr.o
HAL_PWR_DeInit                                    build/stm32h7xx_hal_pwr.o
HAL_PWR_DisableBkUpAccess                         build/stm32h7xx_hal_pwr.o
HAL_PWR_DisablePVD                                build/stm32h7xx_hal_pwr.o
HAL_PWR_DisableSEVOnPend                          build/stm32h7xx_hal_pwr.o
HAL_PWR_DisableSleepOnExit                        build/stm32h7xx_hal_pwr.o
HAL_PWR_DisableWakeUpPin                          build/stm32h7xx_hal_pwr.o
HAL_PWR_EnableBkUpAccess                          build/stm32h7xx_hal_pwr.o
HAL_PWR_EnablePVD                                 build/stm32h7xx_hal_pwr.o
HAL_PWR_EnableSEVOnPend                           build/stm32h7xx_hal_pwr.o
HAL_PWR_EnableSleepOnExit                         build/stm32h7xx_hal_pwr.o
HAL_PWR_EnableWakeUpPin                           build/stm32h7xx_hal_pwr.o
HAL_PWR_EnterSLEEPMode                            build/stm32h7xx_hal_pwr.o
HAL_PWR_EnterSTANDBYMode                          build/stm32h7xx_hal_pwr.o
HAL_PWR_EnterSTOPMode                             build/stm32h7xx_hal_pwr.o
HAL_PWR_PVDCallback                               build/stm32h7xx_hal_pwr.o
                                                  build/stm32h7xx_hal_pwr_ex.o
HAL_PWR_PVD_IRQHandler                            build/stm32h7xx_hal_pwr.o
HAL_QSPI_Abort                                    build/stm32h7xx_hal_qspi.o
HAL_QSPI_AbortCpltCallback                        build/stm32h7xx_hal_qspi.o
HAL_QSPI_Abort_IT                                 build/stm32h7xx_hal_qspi.o
HAL_QSPI_AutoPolling                              build/stm32h7xx_hal_qspi.o
HAL_QSPI_AutoPolling_IT                           build/stm32h7xx_hal_qspi.o
HAL_QSPI_CmdCpltCallback                          build/stm32h7xx_hal_qspi.o
HAL_QSPI_Command                                  build/stm32h7xx_hal_qspi.o
HAL_QSPI_Command_IT                               build/stm32h7xx_hal_qspi.o
HAL_QSPI_DeInit                                   build/stm32h7xx_hal_qspi.o
HAL_QSPI_ErrorCallback                            build/stm32h7xx_hal_qspi.o
HAL_QSPI_FifoThresholdCallback                    build/stm32h7xx_hal_qspi.o
HAL_QSPI_GetError                                 build/stm32h7xx_hal_qspi.o
HAL_QSPI_GetFifoThreshold                         build/stm32h7xx_hal_qspi.o
HAL_QSPI_GetState                                 build/stm32h7xx_hal_qspi.o
HAL_QSPI_IRQHandler                               build/stm32h7xx_hal_qspi.o
HAL_QSPI_Init                                     build/stm32h7xx_hal_qspi.o
                                                  build/quadspi.o
HAL_QSPI_MemoryMapped                             build/stm32h7xx_hal_qspi.o
HAL_QSPI_MspDeInit                                build/quadspi.o
HAL_QSPI_MspInit                                  build/quadspi.o
HAL_QSPI_Receive                                  build/stm32h7xx_hal_qspi.o
HAL_QSPI_Receive_DMA                              build/stm32h7xx_hal_qspi.o
HAL_QSPI_Receive_IT                               build/stm32h7xx_hal_qspi.o
HAL_QSPI_RxCpltCallback                           build/stm32h7xx_hal_qspi.o
HAL_QSPI_SetFifoThreshold                         build/stm32h7xx_hal_qspi.o
HAL_QSPI_SetFlashID                               build/stm32h7xx_hal_qspi.o
HAL_QSPI_SetTimeout                               build/stm32h7xx_hal_qspi.o
HAL_QSPI_StatusMatchCallback                      build/stm32h7xx_hal_qspi.o
HAL_QSPI_TimeOutCallback                          build/stm32h7xx_hal_qspi.o
HAL_QSPI_Transmit                                 build/stm32h7xx_hal_qspi.o
HAL_QSPI_Transmit_DMA                             build/stm32h7xx_hal_qspi.o
HAL_QSPI_Transmit_IT                              build/stm32h7xx_hal_qspi.o
HAL_QSPI_TxCpltCallback                           build/stm32h7xx_hal_qspi.o
HAL_RCCEx_CRSConfig                               build/stm32h7xx_hal_rcc_ex.o
HAL_RCCEx_CRSGetSynchronizationInfo               build/stm32h7xx_hal_rcc_ex.o
HAL_RCCEx_CRSSoftwareSynchronizationGenerate      build/stm32h7xx_hal_rcc_ex.o
HAL_RCCEx_CRSWaitSynchronization                  build/stm32h7xx_hal_rcc_ex.o
HAL_RCCEx_CRS_ErrorCallback                       build/stm32h7xx_hal_rcc_ex.o
HAL_RCCEx_CRS_ExpectedSyncCallback                build/stm32h7xx_hal_rcc_ex.o
HAL_RCCEx_CRS_IRQHandler                          build/stm32h7xx_hal_rcc_ex.o
HAL_RCCEx_CRS_SyncOkCallback                      build/stm32h7xx_hal_rcc_ex.o
HAL_RCCEx_CRS_SyncWarnCallback                    build/stm32h7xx_hal_rcc_ex.o
HAL_RCCEx_DisableLSECSS                           build/stm32h7xx_hal_rcc_ex.o
HAL_RCCEx_EnableLSECSS                            build/stm32h7xx_hal_rcc_ex.o
HAL_RCCEx_EnableLSECSS_IT                         build/stm32h7xx_hal_rcc_ex.o
HAL_RCCEx_GetD1PCLK1Freq                          build/stm32h7xx_hal_rcc_ex.o
HAL_RCCEx_GetD1SysClockFreq                       build/stm32h7xx_hal_rcc_ex.o
HAL_RCCEx_GetD3PCLK1Freq                          build/stm32h7xx_hal_rcc_ex.o
HAL_RCCEx_GetPLL1ClockFreq                        build/stm32h7xx_hal_rcc_ex.o
HAL_RCCEx_GetPLL2ClockFreq                        build/stm32h7xx_hal_rcc_ex.o
HAL_RCCEx_GetPLL3ClockFreq                        build/stm32h7xx_hal_rcc_ex.o
HAL_RCCEx_GetPeriphCLKConfig                      build/stm32h7xx_hal_rcc_ex.o
HAL_RCCEx_GetPeriphCLKFreq                        build/stm32h7xx_hal_rcc_ex.o
HAL_RCCEx_KerWakeUpStopCLKConfig                  build/stm32h7xx_hal_rcc_ex.o
HAL_RCCEx_LSECSS_Callback                         build/stm32h7xx_hal_rcc_ex.o
HAL_RCCEx_LSECSS_IRQHandler                       build/stm32h7xx_hal_rcc_ex.o
HAL_RCCEx_PeriphCLKConfig                         build/stm32h7xx_hal_rcc_ex.o
                                                  build/quadspi.o
                                                  build/ltdc.o
HAL_RCCEx_WWDGxSysResetConfig                     build/stm32h7xx_hal_rcc_ex.o
HAL_RCCEx_WakeUpStopCLKConfig                     build/stm32h7xx_hal_rcc_ex.o
HAL_RCC_CSSCallback                               build/stm32h7xx_hal_rcc.o
HAL_RCC_ClockConfig                               build/stm32h7xx_hal_rcc.o
                                                  build/main.o
HAL_RCC_DeInit                                    build/stm32h7xx_hal_rcc.o
HAL_RCC_DisableCSS                                build/stm32h7xx_hal_rcc.o
HAL_RCC_EnableCSS                                 build/stm32h7xx_hal_rcc.o
HAL_RCC_GetClockConfig                            build/stm32h7xx_hal_rcc.o
HAL_RCC_GetHCLKFreq                               build/stm32h7xx_hal_rcc.o
                                                  build/stm32h7xx_hal_rcc_ex.o
HAL_RCC_GetOscConfig                              build/stm32h7xx_hal_rcc.o
HAL_RCC_GetPCLK1Freq                              build/stm32h7xx_hal_rcc.o
                                                  build/stm32h7xx_hal_rcc_ex.o
HAL_RCC_GetPCLK2Freq                              build/stm32h7xx_hal_rcc.o
HAL_RCC_GetSysClockFreq                           build/stm32h7xx_hal_rcc.o
                                                  build/stm32h7xx_hal.o
                                                  build/stm32h7xx_hal_rcc_ex.o
HAL_RCC_MCOConfig                                 build/stm32h7xx_hal_rcc.o
HAL_RCC_NMI_IRQHandler                            build/stm32h7xx_hal_rcc.o
HAL_RCC_OscConfig                                 build/stm32h7xx_hal_rcc.o
                                                  build/main.o
HAL_ResumeTick                                    build/stm32h7xx_hal.o
HAL_SYSCFG_AnalogSwitchConfig                     build/stm32h7xx_hal.o
HAL_SYSCFG_CM7BootAddConfig                       build/stm32h7xx_hal.o
HAL_SYSCFG_CompensationCodeConfig                 build/stm32h7xx_hal.o
HAL_SYSCFG_CompensationCodeSelect                 build/stm32h7xx_hal.o
HAL_SYSCFG_DisableBOOST                           build/stm32h7xx_hal.o
HAL_SYSCFG_DisableIOSpeedOptimize                 build/stm32h7xx_hal.o
HAL_SYSCFG_DisableVREFBUF                         build/stm32h7xx_hal.o
HAL_SYSCFG_ETHInterfaceSelect                     build/stm32h7xx_hal.o
HAL_SYSCFG_EnableBOOST                            build/stm32h7xx_hal.o
HAL_SYSCFG_EnableIOSpeedOptimize                  build/stm32h7xx_hal.o
HAL_SYSCFG_EnableVREFBUF                          build/stm32h7xx_hal.o
HAL_SYSCFG_VREFBUF_HighImpedanceConfig            build/stm32h7xx_hal.o
HAL_SYSCFG_VREFBUF_TrimmingConfig                 build/stm32h7xx_hal.o
HAL_SYSCFG_VREFBUF_VoltageScalingConfig           build/stm32h7xx_hal.o
HAL_SYSTICK_CLKSourceConfig                       build/stm32h7xx_hal_cortex.o
HAL_SYSTICK_Callback                              build/stm32h7xx_hal_cortex.o
HAL_SYSTICK_Config                                build/stm32h7xx_hal_cortex.o
                                                  build/stm32h7xx_hal.o
HAL_SYSTICK_IRQHandler                            build/stm32h7xx_hal_cortex.o
HAL_SetFMCMemorySwappingConfig                    build/stm32h7xx_hal.o
HAL_SetTickFreq                                   build/stm32h7xx_hal.o
HAL_SuspendTick                                   build/stm32h7xx_hal.o
HRTIM1_FLT_IRQHandler                             build/startup_stm32h743xx.o
HRTIM1_Master_IRQHandler                          build/startup_stm32h743xx.o
HRTIM1_TIMA_IRQHandler                            build/startup_stm32h743xx.o
HRTIM1_TIMB_IRQHandler                            build/startup_stm32h743xx.o
HRTIM1_TIMC_IRQHandler                            build/startup_stm32h743xx.o
HRTIM1_TIMD_IRQHandler                            build/startup_stm32h743xx.o
HRTIM1_TIME_IRQHandler                            build/startup_stm32h743xx.o
HSEM1_IRQHandler                                  build/startup_stm32h743xx.o
HardFault_Handler                                 build/stm32h7xx_it.o
I2C1_ER_IRQHandler                                build/startup_stm32h743xx.o
I2C1_EV_IRQHandler                                build/startup_stm32h743xx.o
I2C2_ER_IRQHandler                                build/startup_stm32h743xx.o
I2C2_EV_IRQHandler                                build/startup_stm32h743xx.o
I2C3_ER_IRQHandler                                build/startup_stm32h743xx.o
I2C3_EV_IRQHandler                                build/startup_stm32h743xx.o
I2C4_ER_IRQHandler                                build/startup_stm32h743xx.o
I2C4_EV_IRQHandler                                build/startup_stm32h743xx.o
JPEG_IRQHandler                                   build/startup_stm32h743xx.o
LPTIM1_IRQHandler                                 build/startup_stm32h743xx.o
LPTIM2_IRQHandler                                 build/startup_stm32h743xx.o
LPTIM3_IRQHandler                                 build/startup_stm32h743xx.o
LPTIM4_IRQHandler                                 build/startup_stm32h743xx.o
LPTIM5_IRQHandler                                 build/startup_stm32h743xx.o
LPUART1_IRQHandler                                build/startup_stm32h743xx.o
LTDC_ER_IRQHandler                                build/startup_stm32h743xx.o
LTDC_IRQHandler                                   build/startup_stm32h743xx.o
MDIOS_IRQHandler                                  build/startup_stm32h743xx.o
MDIOS_WKUP_IRQHandler                             build/startup_stm32h743xx.o
MDMA_IRQHandler                                   build/startup_stm32h743xx.o
MX_GPIO_Init                                      build/gpio.o
                                                  build/main.o
MX_LTDC_Init                                      build/ltdc.o
                                                  build/main.o
MX_QUADSPI_Init                                   build/quadspi.o
                                                  build/main.o
MemManage_Handler                                 build/stm32h7xx_it.o
NMI_Handler                                       build/stm32h7xx_it.o
OTG_FS_EP1_IN_IRQHandler                          build/startup_stm32h743xx.o
OTG_FS_EP1_OUT_IRQHandler                         build/startup_stm32h743xx.o
OTG_FS_IRQHandler                                 build/startup_stm32h743xx.o
OTG_FS_WKUP_IRQHandler                            build/startup_stm32h743xx.o
OTG_HS_EP1_IN_IRQHandler                          build/startup_stm32h743xx.o
OTG_HS_EP1_OUT_IRQHandler                         build/startup_stm32h743xx.o
OTG_HS_IRQHandler                                 build/startup_stm32h743xx.o
OTG_HS_WKUP_IRQHandler                            build/startup_stm32h743xx.o
PVD_AVD_IRQHandler                                build/startup_stm32h743xx.o
PendSV_Handler                                    build/stm32h7xx_it.o
QUADSPI_IRQHandler                                build/startup_stm32h743xx.o
RCC_IRQHandler                                    build/startup_stm32h743xx.o
RNG_IRQHandler                                    build/startup_stm32h743xx.o
RTC_Alarm_IRQHandler                              build/startup_stm32h743xx.o
RTC_WKUP_IRQHandler                               build/startup_stm32h743xx.o
Reset_Handler                                     build/startup_stm32h743xx.o
SAI1_IRQHandler                                   build/startup_stm32h743xx.o
SAI2_IRQHandler                                   build/startup_stm32h743xx.o
SAI3_IRQHandler                                   build/startup_stm32h743xx.o
SAI4_IRQHandler                                   build/startup_stm32h743xx.o
SDMMC1_IRQHandler                                 build/startup_stm32h743xx.o
SDMMC2_IRQHandler                                 build/startup_stm32h743xx.o
SPDIF_RX_IRQHandler                               build/startup_stm32h743xx.o
SPI1_IRQHandler                                   build/startup_stm32h743xx.o
SPI2_IRQHandler                                   build/startup_stm32h743xx.o
SPI3_IRQHandler                                   build/startup_stm32h743xx.o
SPI4_IRQHandler                                   build/startup_stm32h743xx.o
SPI5_IRQHandler                                   build/startup_stm32h743xx.o
SPI6_IRQHandler                                   build/startup_stm32h743xx.o
SVC_Handler                                       build/stm32h7xx_it.o
SWPMI1_IRQHandler                                 build/startup_stm32h743xx.o
SysTick_Handler                                   build/stm32h7xx_it.o
SystemClock_Config                                build/main.o
SystemCoreClock                                   build/system_stm32h7xx.o
                                                  build/stm32h7xx_hal.o
                                                  build/stm32h7xx_hal_mdma.o
                                                  build/stm32h7xx_hal_dma.o
                                                  build/stm32h7xx_hal_rcc_ex.o
                                                  build/stm32h7xx_hal_rcc.o
SystemCoreClockUpdate                             build/system_stm32h7xx.o
SystemD2Clock                                     build/system_stm32h7xx.o
                                                  build/stm32h7xx_hal.o
                                                  build/stm32h7xx_hal_rcc_ex.o
                                                  build/stm32h7xx_hal_rcc.o
SystemInit                                        build/system_stm32h7xx.o
                                                  build/startup_stm32h743xx.o
TAMP_STAMP_IRQHandler                             build/startup_stm32h743xx.o
TIM15_IRQHandler                                  build/startup_stm32h743xx.o
TIM16_IRQHandler                                  build/startup_stm32h743xx.o
TIM17_IRQHandler                                  build/startup_stm32h743xx.o
TIM1_BRK_IRQHandler                               build/startup_stm32h743xx.o
TIM1_CC_IRQHandler                                build/startup_stm32h743xx.o
TIM1_TRG_COM_IRQHandler                           build/startup_stm32h743xx.o
TIM1_UP_IRQHandler                                build/startup_stm32h743xx.o
TIM2_IRQHandler                                   build/startup_stm32h743xx.o
TIM3_IRQHandler                                   build/startup_stm32h743xx.o
TIM4_IRQHandler                                   build/startup_stm32h743xx.o
TIM5_IRQHandler                                   build/startup_stm32h743xx.o
TIM6_DAC_IRQHandler                               build/startup_stm32h743xx.o
TIM7_IRQHandler                                   build/startup_stm32h743xx.o
TIM8_BRK_TIM12_IRQHandler                         build/startup_stm32h743xx.o
TIM8_CC_IRQHandler                                build/startup_stm32h743xx.o
TIM8_TRG_COM_TIM14_IRQHandler                     build/startup_stm32h743xx.o
TIM8_UP_TIM13_IRQHandler                          build/startup_stm32h743xx.o
UART4_IRQHandler                                  build/startup_stm32h743xx.o
UART5_IRQHandler                                  build/startup_stm32h743xx.o
UART7_IRQHandler                                  build/startup_stm32h743xx.o
UART8_IRQHandler                                  build/startup_stm32h743xx.o
USART1_IRQHandler                                 build/startup_stm32h743xx.o
USART2_IRQHandler                                 build/startup_stm32h743xx.o
USART3_IRQHandler                                 build/startup_stm32h743xx.o
USART6_IRQHandler                                 build/startup_stm32h743xx.o
UsageFault_Handler                                build/stm32h7xx_it.o
WAKEUP_PIN_IRQHandler                             build/startup_stm32h743xx.o
WWDG_IRQHandler                                   build/startup_stm32h743xx.o
_Min_Stack_Size                                   build/sysmem.o
__atexit                                          /usr/lib/gcc/arm-none-eabi/14.2.0/../../../../arm-none-eabi/lib/thumb/v7e-m+dp/hard/libc_nano.a(libc_a-__call_atexit.o)
                                                  /usr/lib/gcc/arm-none-eabi/14.2.0/../../../../arm-none-eabi/lib/thumb/v7e-m+dp/hard/libc_nano.a(libc_a-__atexit.o)
__atexit0                                         /usr/lib/gcc/arm-none-eabi/14.2.0/../../../../arm-none-eabi/lib/thumb/v7e-m+dp/hard/libc_nano.a(libc_a-__atexit.o)
__atexit_dummy                                    /usr/lib/gcc/arm-none-eabi/14.2.0/../../../../arm-none-eabi/lib/thumb/v7e-m+dp/hard/libc_nano.a(libc_a-__atexit.o)
__atexit_recursive_mutex                          /usr/lib/gcc/arm-none-eabi/14.2.0/../../../../arm-none-eabi/lib/thumb/v7e-m+dp/hard/libc_nano.a(libc_a-__call_atexit.o)
                                                  /usr/lib/gcc/arm-none-eabi/14.2.0/../../../../arm-none-eabi/lib/thumb/v7e-m+dp/hard/libc_nano.a(libc_a-__atexit.o)
__bss_end__                                       /usr/lib/gcc/arm-none-eabi/14.2.0/../../../../arm-none-eabi/lib/thumb/v7e-m+dp/hard/crt0.o
__bss_start__                                     /usr/lib/gcc/arm-none-eabi/14.2.0/../../../../arm-none-eabi/lib/thumb/v7e-m+dp/hard/crt0.o
__call_exitprocs                                  /usr/lib/gcc/arm-none-eabi/14.2.0/../../../../arm-none-eabi/lib/thumb/v7e-m+dp/hard/libc_nano.a(libc_a-__call_atexit.o)
                                                  /usr/lib/gcc/arm-none-eabi/14.2.0/../../../../arm-none-eabi/lib/thumb/v7e-m+dp/hard/libc_nano.a(libc_a-__atexit.o)
                                                  /usr/lib/gcc/arm-none-eabi/14.2.0/../../../../arm-none-eabi/lib/thumb/v7e-m+dp/hard/libc_nano.a(libc_a-exit.o)
__deregister_frame_info                           /usr/lib/gcc/arm-none-eabi/14.2.0/thumb/v7e-m+dp/hard/crtbegin.o
__dso_handle                                      /usr/lib/gcc/arm-none-eabi/14.2.0/thumb/v7e-m+dp/hard/crtbegin.o
__env                                             build/syscalls.o
__errno                                           /usr/lib/gcc/arm-none-eabi/14.2.0/../../../../arm-none-eabi/lib/thumb/v7e-m+dp/hard/libc_nano.a(libc_a-errno.o)
                                                  build/syscalls.o
                                                  build/sysmem.o
__fini_array_end                                  /usr/lib/gcc/arm-none-eabi/14.2.0/../../../../arm-none-eabi/lib/thumb/v7e-m+dp/hard/libc_nano.a(libc_a-fini.o)
__fini_array_start                                /usr/lib/gcc/arm-none-eabi/14.2.0/../../../../arm-none-eabi/lib/thumb/v7e-m+dp/hard/libc_nano.a(libc_a-fini.o)
__fp_lock_all                                     /usr/lib/gcc/arm-none-eabi/14.2.0/../../../../arm-none-eabi/lib/thumb/v7e-m+dp/hard/libc_nano.a(libc_a-findfp.o)
__fp_unlock_all                                   /usr/lib/gcc/arm-none-eabi/14.2.0/../../../../arm-none-eabi/lib/thumb/v7e-m+dp/hard/libc_nano.a(libc_a-findfp.o)
__init_array_end                                  /usr/lib/gcc/arm-none-eabi/14.2.0/../../../../arm-none-eabi/lib/thumb/v7e-m+dp/hard/libc_nano.a(libc_a-init.o)
__init_array_start                                /usr/lib/gcc/arm-none-eabi/14.2.0/../../../../arm-none-eabi/lib/thumb/v7e-m+dp/hard/libc_nano.a(libc_a-init.o)
__io_getchar                                      build/syscalls.o
__io_putchar                                      build/syscalls.o
__libc_fini_array                                 /usr/lib/gcc/arm-none-eabi/14.2.0/../../../../arm-none-eabi/lib/thumb/v7e-m+dp/hard/libc_nano.a(libc_a-fini.o)
                                                  /usr/lib/gcc/arm-none-eabi/14.2.0/../../../../arm-none-eabi/lib/thumb/v7e-m+dp/hard/crt0.o
__libc_init_array                                 /usr/lib/gcc/arm-none-eabi/14.2.0/../../../../arm-none-eabi/lib/thumb/v7e-m+dp/hard/libc_nano.a(libc_a-init.o)
                                                  build/startup_stm32h743xx.o
                                                  /usr/lib/gcc/arm-none-eabi/14.2.0/../../../../arm-none-eabi/lib/thumb/v7e-m+dp/hard/crt0.o
__lock___arc4random_mutex                         /usr/lib/gcc/arm-none-eabi/14.2.0/../../../../arm-none-eabi/lib/thumb/v7e-m+dp/hard/libc_nano.a(libc_a-lock.o)
__lock___at_quick_exit_mutex                      /usr/lib/gcc/arm-none-eabi/14.2.0/../../../../arm-none-eabi/lib/thumb/v7e-m+dp/hard/libc_nano.a(libc_a-lock.o)
__lock___atexit_recursive_mutex                   /usr/lib/gcc/arm-none-eabi/14.2.0/../../../../arm-none-eabi/lib/thumb/v7e-m+dp/hard/libc_nano.a(libc_a-lock.o)
                                                  /usr/lib/gcc/arm-none-eabi/14.2.0/../../../../arm-none-eabi/lib/thumb/v7e-m+dp/hard/libc_nano.a(libc_a-__call_atexit.o)
__lock___dd_hash_mutex                            /usr/lib/gcc/arm-none-eabi/14.2.0/../../../../arm-none-eabi/lib/thumb/v7e-m+dp/hard/libc_nano.a(libc_a-lock.o)
__lock___env_recursive_mutex                      /usr/lib/gcc/arm-none-eabi/14.2.0/../../../../arm-none-eabi/lib/thumb/v7e-m+dp/hard/libc_nano.a(libc_a-lock.o)
__lock___malloc_recursive_mutex                   /usr/lib/gcc/arm-none-eabi/14.2.0/../../../../arm-none-eabi/lib/thumb/v7e-m+dp/hard/libc_nano.a(libc_a-lock.o)
                                                  /usr/lib/gcc/arm-none-eabi/14.2.0/../../../../arm-none-eabi/lib/thumb/v7e-m+dp/hard/libc_nano.a(libc_a-mlock.o)
__lock___sfp_recursive_mutex                      /usr/lib/gcc/arm-none-eabi/14.2.0/../../../../arm-none-eabi/lib/thumb/v7e-m+dp/hard/libc_nano.a(libc_a-lock.o)
                                                  /usr/lib/gcc/arm-none-eabi/14.2.0/../../../../arm-none-eabi/lib/thumb/v7e-m+dp/hard/libc_nano.a(libc_a-findfp.o)
__lock___tz_mutex                                 /usr/lib/gcc/arm-none-eabi/14.2.0/../../../../arm-none-eabi/lib/thumb/v7e-m+dp/hard/libc_nano.a(libc_a-lock.o)
__malloc_free_list                                /usr/lib/gcc/arm-none-eabi/14.2.0/../../../../arm-none-eabi/lib/thumb/v7e-m+dp/hard/libc_nano.a(libc_a-mallocr.o)
                                                  /usr/lib/gcc/arm-none-eabi/14.2.0/../../../../arm-none-eabi/lib/thumb/v7e-m+dp/hard/libc_nano.a(libc_a-freer.o)
__malloc_lock                                     /usr/lib/gcc/arm-none-eabi/14.2.0/../../../../arm-none-eabi/lib/thumb/v7e-m+dp/hard/libc_nano.a(libc_a-mlock.o)
                                                  /usr/lib/gcc/arm-none-eabi/14.2.0/../../../../arm-none-eabi/lib/thumb/v7e-m+dp/hard/libc_nano.a(libc_a-mallocr.o)
                                                  /usr/lib/gcc/arm-none-eabi/14.2.0/../../../../arm-none-eabi/lib/thumb/v7e-m+dp/hard/libc_nano.a(libc_a-freer.o)
__malloc_sbrk_start                               /usr/lib/gcc/arm-none-eabi/14.2.0/../../../../arm-none-eabi/lib/thumb/v7e-m+dp/hard/libc_nano.a(libc_a-mallocr.o)
__malloc_unlock                                   /usr/lib/gcc/arm-none-eabi/14.2.0/../../../../arm-none-eabi/lib/thumb/v7e-m+dp/hard/libc_nano.a(libc_a-mlock.o)